../Core/Src/nRF24.c:40:6:nrf24_setup_routine	160	static
../Core/Src/nRF24.c:61:23:nrf24_read_gps	32	static
../Core/Src/nRF24.c:90:6:NRF24_DelayMicroSeconds	24	static
../Core/Src/nRF24.c:97:6:NRF24_csn	16	static
../Core/Src/nRF24.c:103:6:NRF24_ce	16	static
../Core/Src/nRF24.c:109:9:NRF24_read_register	24	static
../Core/Src/nRF24.c:126:6:NRF24_read_registerN	24	static
../Core/Src/nRF24.c:141:6:NRF24_write_register	24	static
../Core/Src/nRF24.c:154:6:NRF24_write_registerN	24	static
../Core/Src/nRF24.c:167:6:NRF24_write_payload	24	static
../Core/Src/nRF24.c:180:6:NRF24_read_payload	24	static
../Core/Src/nRF24.c:193:6:NRF24_flush_tx	8	static
../Core/Src/nRF24.c:198:6:NRF24_flush_rx	8	static
../Core/Src/nRF24.c:203:9:NRF24_get_status	16	static
../Core/Src/nRF24.c:210:6:NRF24_begin	24	static
../Core/Src/nRF24.c:270:6:NRF24_startListening	8	static
../Core/Src/nRF24.c:287:6:NRF24_stopListening	8	static
../Core/Src/nRF24.c:294:6:NRF24_write	32	static
../Core/Src/nRF24.c:330:6:NRF24_available	8	static
../Core/Src/nRF24.c:335:6:NRF24_read	24	static
../Core/Src/nRF24.c:344:6:NRF24_openWritingPipe	24	static
../Core/Src/nRF24.c:353:6:NRF24_openReadingPipe	24	static
../Core/Src/nRF24.c:377:6:NRF24_setRetries	16	static
../Core/Src/nRF24.c:383:6:NRF24_setChannel	24	static
../Core/Src/nRF24.c:389:6:NRF24_setPayloadSize	24	static
../Core/Src/nRF24.c:395:9:NRF24_getPayloadSize	4	static
../Core/Src/nRF24.c:400:9:NRF24_getDynamicPayloadSize	8	static
../Core/Src/nRF24.c:405:6:NRF24_enableAckPayload	8	static
../Core/Src/nRF24.c:418:6:NRF24_enableDynamicPayloads	8	static
../Core/Src/nRF24.c:432:6:NRF24_disableDynamicPayloads	8	static
../Core/Src/nRF24.c:440:6:NRF24_isNRF_Plus	4	static
../Core/Src/nRF24.c:445:6:NRF24_setAutoAck	16	static
../Core/Src/nRF24.c:453:6:NRF24_setAutoAckPipe	24	static
../Core/Src/nRF24.c:470:6:NRF24_setPALevel	24	static
../Core/Src/nRF24.c:501:15:NRF24_getPALevel	16	static
../Core/Src/nRF24.c:527:6:NRF24_setDataRate	24	static
../Core/Src/nRF24.c:572:17:NRF24_getDataRate	16	static
../Core/Src/nRF24.c:597:6:NRF24_setCRCLength	24	static
../Core/Src/nRF24.c:618:18:NRF24_getCRCLength	16	static
../Core/Src/nRF24.c:634:6:NRF24_disableCRC	16	static
../Core/Src/nRF24.c:640:6:NRF24_powerUp	8	static
../Core/Src/nRF24.c:645:6:NRF24_powerDown	8	static
../Core/Src/nRF24.c:650:6:NRF24_availablePipe	24	static
../Core/Src/nRF24.c:674:6:NRF24_startWrite	16	static
../Core/Src/nRF24.c:691:6:NRF24_writeAckPayload	24	static
../Core/Src/nRF24.c:702:6:NRF24_isAckPayloadAvailable	16	static
../Core/Src/nRF24.c:709:6:NRF24_whatHappened	32	static
../Core/Src/nRF24.c:720:6:NRF24_testCarrier	8	static
../Core/Src/nRF24.c:725:6:NRF24_testRPD	8	static
../Core/Src/nRF24.c:730:6:NRF24_resetStatus	8	static
../Core/Src/nRF24.c:735:6:NRF24_ACTIVATE_cmd	16	static
../Core/Src/nRF24.c:746:9:NRF24_GetAckPayloadSize	4	static
../Core/Src/nRF24.c:751:6:printRadioSettings	152	static
../Core/Src/nRF24.c:877:6:printStatusReg	136	static
../Core/Src/nRF24.c:893:6:printConfigReg	112	static
../Core/Src/nRF24.c:910:6:nrf24_DebugUART_Init	8	static
../Core/Src/nRF24.c:915:6:printFIFOstatus	128	static
