Archive member included to satisfy reference by file (symbol)

/opt/st/stm32cubeide_1.17.0/plugins/com.st.stm32cube.ide.mcu.externaltools.gnu-tools-for-stm32.12.3.rel1.linux64_1.1.0.202410170702/tools/bin/../lib/gcc/arm-none-eabi/12.3.1/../../../../arm-none-eabi/lib/thumb/v7e-m+fp/hard/libc_nano.a(libc_a-exit.o)
                              /opt/st/stm32cubeide_1.17.0/plugins/com.st.stm32cube.ide.mcu.externaltools.gnu-tools-for-stm32.12.3.rel1.linux64_1.1.0.202410170702/tools/bin/../lib/gcc/arm-none-eabi/12.3.1/../../../../arm-none-eabi/lib/thumb/v7e-m+fp/hard/crt0.o (exit)
/opt/st/stm32cubeide_1.17.0/plugins/com.st.stm32cube.ide.mcu.externaltools.gnu-tools-for-stm32.12.3.rel1.linux64_1.1.0.202410170702/tools/bin/../lib/gcc/arm-none-eabi/12.3.1/../../../../arm-none-eabi/lib/thumb/v7e-m+fp/hard/libc_nano.a(libc_a-findfp.o)
                              ./Middlewares/Third_Party/FreeRTOS/tasks.o (__sf)
/opt/st/stm32cubeide_1.17.0/plugins/com.st.stm32cube.ide.mcu.externaltools.gnu-tools-for-stm32.12.3.rel1.linux64_1.1.0.202410170702/tools/bin/../lib/gcc/arm-none-eabi/12.3.1/../../../../arm-none-eabi/lib/thumb/v7e-m+fp/hard/libc_nano.a(libc_a-fwalk.o)
                              /opt/st/stm32cubeide_1.17.0/plugins/com.st.stm32cube.ide.mcu.externaltools.gnu-tools-for-stm32.12.3.rel1.linux64_1.1.0.202410170702/tools/bin/../lib/gcc/arm-none-eabi/12.3.1/../../../../arm-none-eabi/lib/thumb/v7e-m+fp/hard/libc_nano.a(libc_a-findfp.o) (_fwalk_sglue)
/opt/st/stm32cubeide_1.17.0/plugins/com.st.stm32cube.ide.mcu.externaltools.gnu-tools-for-stm32.12.3.rel1.linux64_1.1.0.202410170702/tools/bin/../lib/gcc/arm-none-eabi/12.3.1/../../../../arm-none-eabi/lib/thumb/v7e-m+fp/hard/libc_nano.a(libc_a-stdio.o)
                              /opt/st/stm32cubeide_1.17.0/plugins/com.st.stm32cube.ide.mcu.externaltools.gnu-tools-for-stm32.12.3.rel1.linux64_1.1.0.202410170702/tools/bin/../lib/gcc/arm-none-eabi/12.3.1/../../../../arm-none-eabi/lib/thumb/v7e-m+fp/hard/libc_nano.a(libc_a-findfp.o) (__sread)
/opt/st/stm32cubeide_1.17.0/plugins/com.st.stm32cube.ide.mcu.externaltools.gnu-tools-for-stm32.12.3.rel1.linux64_1.1.0.202410170702/tools/bin/../lib/gcc/arm-none-eabi/12.3.1/../../../../arm-none-eabi/lib/thumb/v7e-m+fp/hard/libc_nano.a(libc_a-memset.o)
                              /opt/st/stm32cubeide_1.17.0/plugins/com.st.stm32cube.ide.mcu.externaltools.gnu-tools-for-stm32.12.3.rel1.linux64_1.1.0.202410170702/tools/bin/../lib/gcc/arm-none-eabi/12.3.1/../../../../arm-none-eabi/lib/thumb/v7e-m+fp/hard/crt0.o (memset)
/opt/st/stm32cubeide_1.17.0/plugins/com.st.stm32cube.ide.mcu.externaltools.gnu-tools-for-stm32.12.3.rel1.linux64_1.1.0.202410170702/tools/bin/../lib/gcc/arm-none-eabi/12.3.1/../../../../arm-none-eabi/lib/thumb/v7e-m+fp/hard/libc_nano.a(libc_a-closer.o)
                              /opt/st/stm32cubeide_1.17.0/plugins/com.st.stm32cube.ide.mcu.externaltools.gnu-tools-for-stm32.12.3.rel1.linux64_1.1.0.202410170702/tools/bin/../lib/gcc/arm-none-eabi/12.3.1/../../../../arm-none-eabi/lib/thumb/v7e-m+fp/hard/libc_nano.a(libc_a-stdio.o) (_close_r)
/opt/st/stm32cubeide_1.17.0/plugins/com.st.stm32cube.ide.mcu.externaltools.gnu-tools-for-stm32.12.3.rel1.linux64_1.1.0.202410170702/tools/bin/../lib/gcc/arm-none-eabi/12.3.1/../../../../arm-none-eabi/lib/thumb/v7e-m+fp/hard/libc_nano.a(libc_a-reent.o)
                              ./Middlewares/Third_Party/FreeRTOS/tasks.o (_reclaim_reent)
/opt/st/stm32cubeide_1.17.0/plugins/com.st.stm32cube.ide.mcu.externaltools.gnu-tools-for-stm32.12.3.rel1.linux64_1.1.0.202410170702/tools/bin/../lib/gcc/arm-none-eabi/12.3.1/../../../../arm-none-eabi/lib/thumb/v7e-m+fp/hard/libc_nano.a(libc_a-impure.o)
                              ./Middlewares/Third_Party/FreeRTOS/tasks.o (_impure_ptr)
/opt/st/stm32cubeide_1.17.0/plugins/com.st.stm32cube.ide.mcu.externaltools.gnu-tools-for-stm32.12.3.rel1.linux64_1.1.0.202410170702/tools/bin/../lib/gcc/arm-none-eabi/12.3.1/../../../../arm-none-eabi/lib/thumb/v7e-m+fp/hard/libc_nano.a(libc_a-lseekr.o)
                              /opt/st/stm32cubeide_1.17.0/plugins/com.st.stm32cube.ide.mcu.externaltools.gnu-tools-for-stm32.12.3.rel1.linux64_1.1.0.202410170702/tools/bin/../lib/gcc/arm-none-eabi/12.3.1/../../../../arm-none-eabi/lib/thumb/v7e-m+fp/hard/libc_nano.a(libc_a-stdio.o) (_lseek_r)
/opt/st/stm32cubeide_1.17.0/plugins/com.st.stm32cube.ide.mcu.externaltools.gnu-tools-for-stm32.12.3.rel1.linux64_1.1.0.202410170702/tools/bin/../lib/gcc/arm-none-eabi/12.3.1/../../../../arm-none-eabi/lib/thumb/v7e-m+fp/hard/libc_nano.a(libc_a-readr.o)
                              /opt/st/stm32cubeide_1.17.0/plugins/com.st.stm32cube.ide.mcu.externaltools.gnu-tools-for-stm32.12.3.rel1.linux64_1.1.0.202410170702/tools/bin/../lib/gcc/arm-none-eabi/12.3.1/../../../../arm-none-eabi/lib/thumb/v7e-m+fp/hard/libc_nano.a(libc_a-stdio.o) (_read_r)
[...]
Memory Configuration

Name             Origin             Length             Attributes
FLASH            0x08100000         0x00100000         xr
RAM              0x10000000         0x00048000         xrw
*default*        0x00000000         0xffffffff

Linker script and memory map

LOAD /opt/st/stm32cubeide_1.17.0/plugins/com.st.stm32cube.ide.mcu.externaltools.gnu-tools-for-stm32.12.3.rel1.linux64_1.1.0.202410170702/tools/bin/../lib/gcc/arm-none-eabi/12.3.1/thumb/v7e-m+fp/hard/crti.o
LOAD /opt/st/stm32cubeide_1.17.0/plugins/com.st.stm32cube.ide.mcu.externaltools.gnu-tools-for-stm32.12.3.rel1.linux64_1.1.0.202410170702/tools/bin/../lib/gcc/arm-none-eabi/12.3.1/thumb/v7e-m+fp/hard/crtbegin.o
LOAD /opt/st/stm32cubeide_1.17.0/plugins/com.st.stm32cube.ide.mcu.externaltools.gnu-tools-for-stm32.12.3.rel1.linux64_1.1.0.202410170702/tools/bin/../lib/gcc/arm-none-eabi/12.3.1/../../../../arm-none-eabi/lib/thumb/v7e-m+fp/hard/crt0.o
LOAD ./Common/Src/system_stm32h7xx_dualcore_boot_cm4_cm7.o
LOAD ./Core/Src/freertos.o
LOAD ./Core/Src/main.o
LOAD ./Core/Src/stm32h7xx_hal_msp.o
LOAD ./Core/Src/stm32h7xx_hal_timebase_tim.o
LOAD ./Core/Src/stm32h7xx_it.o
LOAD ./Core/Src/syscalls.o
LOAD ./Core/Src/sysmem.o
LOAD ./Core/Startup/startup_stm32h745zitx.o
LOAD ./Drivers/STM32H7xx_HAL_Driver/stm32h7xx_hal.o
LOAD ./Drivers/STM32H7xx_HAL_Driver/stm32h7xx_hal_cortex.o
LOAD ./Drivers/STM32H7xx_HAL_Driver/stm32h7xx_hal_dma.o
LOAD ./Drivers/STM32H7xx_HAL_Driver/stm32h7xx_hal_dma_ex.o
LOAD ./Drivers/STM32H7xx_HAL_Driver/stm32h7xx_hal_exti.o
LOAD ./Drivers/STM32H7xx_HAL_Driver/stm32h7xx_hal_flash.o
LOAD ./Drivers/STM32H7xx_HAL_Driver/stm32h7xx_hal_flash_ex.o
LOAD ./Drivers/STM32H7xx_HAL_Driver/stm32h7xx_hal_gpio.o
LOAD ./Drivers/STM32H7xx_HAL_Driver/stm32h7xx_hal_hsem.o
LOAD ./Drivers/STM32H7xx_HAL_Driver/stm32h7xx_hal_i2c.o
LOAD ./Drivers/STM32H7xx_HAL_Driver/stm32h7xx_hal_i2c_ex.o
LOAD ./Drivers/STM32H7xx_HAL_Driver/stm32h7xx_hal_mdma.o
LOAD ./Drivers/STM32H7xx_HAL_Driver/stm32h7xx_hal_pwr.o
LOAD ./Drivers/STM32H7xx_HAL_Driver/stm32h7xx_hal_pwr_ex.o
LOAD ./Drivers/STM32H7xx_HAL_Driver/stm32h7xx_hal_rcc.o
LOAD ./Drivers/STM32H7xx_HAL_Driver/stm32h7xx_hal_rcc_ex.o
LOAD ./Drivers/STM32H7xx_HAL_Driver/stm32h7xx_hal_tim.o
LOAD ./Drivers/STM32H7xx_HAL_Driver/stm32h7xx_hal_tim_ex.o
LOAD ./Drivers/STM32H7xx_HAL_Driver/stm32h7xx_hal_uart.o
LOAD ./Drivers/STM32H7xx_HAL_Driver/stm32h7xx_hal_uart_ex.o
LOAD ./Middlewares/Third_Party/FreeRTOS/cmsis_os2.o
LOAD ./Middlewares/Third_Party/FreeRTOS/croutine.o
LOAD ./Middlewares/Third_Party/FreeRTOS/event_groups.o
LOAD ./Middlewares/Third_Party/FreeRTOS/heap_4.o
LOAD ./Middlewares/Third_Party/FreeRTOS/list.o
LOAD ./Middlewares/Third_Party/FreeRTOS/port.o
LOAD ./Middlewares/Third_Party/FreeRTOS/queue.o
LOAD ./Middlewares/Third_Party/FreeRTOS/stream_buffer.o
LOAD ./Middlewares/Third_Party/FreeRTOS/tasks.o
LOAD ./Middlewares/Third_Party/FreeRTOS/timers.o
START GROUP
LOAD /opt/st/stm32cubeide_1.17.0/plugins/com.st.stm32cube.ide.mcu.externaltools.gnu-tools-for-stm32.12.3.rel1.linux64_1.1.0.202410170702/tools/bin/../lib/gcc/arm-none-eabi/12.3.1/../../../../arm-none-eabi/lib/thumb/v7e-m+fp/hard/libc_nano.a
LOAD /opt/st/stm32cubeide_1.17.0/plugins/com.st.stm32cube.ide.mcu.externaltools.gnu-tools-for-stm32.12.3.rel1.linux64_1.1.0.202410170702/tools/bin/../lib/gcc/arm-none-eabi/12.3.1/../../../../arm-none-eabi/lib/thumb/v7e-m+fp/hard/libm.a
END GROUP
START GROUP
LOAD /opt/st/stm32cubeide_1.17.0/plugins/com.st.stm32cube.ide.mcu.externaltools.gnu-tools-for-stm32.12.3.rel1.linux64_1.1.0.202410170702/tools/bin/../lib/gcc/arm-none-eabi/12.3.1/thumb/v7e-m+fp/hard/libgcc.a
LOAD /opt/st/stm32cubeide_1.17.0/plugins/com.st.stm32cube.ide.mcu.externaltools.gnu-tools-for-stm32.12.3.rel1.linux64_1.1.0.202410170702/tools/bin/../lib/gcc/arm-none-eabi/12.3.1/../../../../arm-none-eabi/lib/thumb/v7e-m+fp/hard/libc_nano.a
END GROUP
START GROUP
LOAD /opt/st/stm32cubeide_1.17.0/plugins/com.st.stm32cube.ide.mcu.externaltools.gnu-tools-for-stm32.12.3.rel1.linux64_1.1.0.202410170702/tools/bin/../lib/gcc/arm-none-eabi/12.3.1/thumb/v7e-m+fp/hard/libgcc.a
LOAD /opt/st/stm32cubeide_1.17.0/plugins/com.st.stm32cube.ide.mcu.externaltools.gnu-tools-for-stm32.12.3.rel1.linux64_1.1.0.202410170702/tools/bin/../lib/gcc/arm-none-eabi/12.3.1/../../../../arm-none-eabi/lib/thumb/v7e-m+fp/hard/libc_nano.a
LOAD /opt/st/stm32cubeide_1.17.0/plugins/com.st.stm32cube.ide.mcu.externaltools.gnu-tools-for-stm32.12.3.rel1.linux64_1.1.0.202410170702/tools/bin/../lib/gcc/arm-none-eabi/12.3.1/../../../../arm-none-eabi/lib/thumb/v7e-m+fp/hard/libnosys.a
END GROUP
START GROUP
LOAD /opt/st/stm32cubeide_1.17.0/plugins/com.st.stm32cube.ide.mcu.externaltools.gnu-tools-for-stm32.12.3.rel1.linux64_1.1.0.202410170702/tools/bin/../lib/gcc/arm-none-eabi/12.3.1/thumb/v7e-m+fp/hard/libgcc.a
LOAD /opt/st/stm32cubeide_1.17.0/plugins/com.st.stm32cube.ide.mcu.externaltools.gnu-tools-for-stm32.12.3.rel1.linux64_1.1.0.202410170702/tools/bin/../lib/gcc/arm-none-eabi/12.3.1/../../../../arm-none-eabi/lib/thumb/v7e-m+fp/hard/libc_nano.a
LOAD /opt/st/stm32cubeide_1.17.0/plugins/com.st.stm32cube.ide.mcu.externaltools.gnu-tools-for-stm32.12.3.rel1.linux64_1.1.0.202410170702/tools/bin/../lib/gcc/arm-none-eabi/12.3.1/../../../../arm-none-eabi/lib/thumb/v7e-m+fp/hard/libnosys.a
END GROUP
LOAD /opt/st/stm32cubeide_1.17.0/plugins/com.st.stm32cube.ide.mcu.externaltools.gnu-tools-for-stm32.12.3.rel1.linux64_1.1.0.202410170702/tools/bin/../lib/gcc/arm-none-eabi/12.3.1/thumb/v7e-m+fp/hard/crtend.o
LOAD /opt/st/stm32cubeide_1.17.0/plugins/com.st.stm32cube.ide.mcu.externaltools.gnu-tools-for-stm32.12.3.rel1.linux64_1.1.0.202410170702/tools/bin/../lib/gcc/arm-none-eabi/12.3.1/thumb/v7e-m+fp/hard/crtn.o
                0x10048000                        _estack = (ORIGIN (RAM) + LENGTH (RAM))
                0x00000200                        _Min_Heap_Size = 0x200
                0x00000400                        _Min_Stack_Size = 0x400

.isr_vector     0x08100000      0x298
                0x08100000                        . = ALIGN (0x4)
 *(.isr_vector)
 .isr_vector    0x08100000      0x298 ./Core/Startup/startup_stm32h745zitx.o
                0x08100000                g_pfnVectors
                0x08100298                        . = ALIGN (0x4)

.text           0x081002a0     0x3e80
                0x081002a0                        . = ALIGN (0x4)
 *(.text)
 .text          0x081002a0       0x40 /opt/st/stm32cubeide_1.17.0/plugins/com.st.stm32cube.ide.mcu.externaltools.gnu-tools-for-stm32.12.3.rel1.linux64_1.1.0.202410170702/tools/bin/../lib/gcc/arm-none-eabi/12.3.1/thumb/v7e-m+fp/hard/crtbegin.o
 *(.text*)
 .text.SystemInit
                0x081002e0       0x30 ./Common/Src/system_stm32h7xx_dualcore_boot_cm4_cm7.o
                0x081002e0                SystemInit
 .text.main     0x08100310       0xa0 ./Core/Src/main.o
                0x08100310                main
 .text.StartDefaultTask
                0x081003b0       0x10 ./Core/Src/main.o
                0x081003b0                StartDefaultTask
 .text.HAL_TIM_PeriodElapsedCallback
                0x081003c0       0x24 ./Core/Src/main.o
                0x081003c0                HAL_TIM_PeriodElapsedCallback
 .text.HAL_MspInit
                0x081003e4       0x3c ./Core/Src/stm32h7xx_hal_msp.o
                0x081003e4                HAL_MspInit
 .text.HAL_InitTick
                0x08100420       0xd8 ./Core/Src/stm32h7xx_hal_timebase_tim.o
                0x08100420                HAL_InitTick
 .text.NMI_Handler
                0x081004f8        0x8 ./Core/Src/stm32h7xx_it.o
                0x081004f8                NMI_Handler
 .text.HardFault_Handler
                0x08100500        0x8 ./Core/Src/stm32h7xx_it.o
                0x08100500                HardFault_Handler
 .text.MemManage_Handler
                0x08100508        0x8 ./Core/Src/stm32h7xx_it.o
                0x08100508                MemManage_Handler
 .text.BusFault_Handler
                0x08100510        0x8 ./Core/Src/stm32h7xx_it.o
                0x08100510                BusFault_Handler
 .text.UsageFault_Handler
                0x08100518        0x8 ./Core/Src/stm32h7xx_it.o
                0x08100518                UsageFault_Handler
 .text.DebugMon_Handler
                0x08100520        0xe ./Core/Src/stm32h7xx_it.o
                0x08100520                DebugMon_Handler
 *fill*         0x0810052e        0x2 
 .text.TIM3_IRQHandler
                0x08100530       0x14 ./Core/Src/stm32h7xx_it.o
                0x08100530                TIM3_IRQHandler
 .text.Reset_Handler
                0x08100544       0x50 ./Core/Startup/startup_stm32h745zitx.o
                0x08100544                Reset_Handler
 .text.Default_Handler
                0x08100594        0x2 ./Core/Startup/startup_stm32h745zitx.o
                0x08100594                RTC_Alarm_IRQHandler
                0x08100594                EXTI2_IRQHandler
                0x08100594                TIM8_CC_IRQHandler
                0x08100594                HRTIM1_Master_IRQHandler
                0x08100594                UART8_IRQHandler
                0x08100594                SPI4_IRQHandler
                0x08100594                TIM1_CC_IRQHandler
                0x08100594                BDMA_Channel6_IRQHandler
                0x08100594                DMA2_Stream5_IRQHandler
                0x08100594                HRTIM1_FLT_IRQHandler
                0x08100594                JPEG_IRQHandler
                0x08100594                DMA1_Stream5_IRQHandler
                0x08100594                BDMA_Channel1_IRQHandler
                0x08100594                HRTIM1_TIMD_IRQHandler
                0x08100594                TAMP_STAMP_IRQHandler
                0x08100594                EXTI3_IRQHandler
                0x08100594                LPTIM4_IRQHandler
                0x08100594                TIM8_TRG_COM_TIM14_IRQHandler
                0x08100594                LPTIM2_IRQHandler
                0x08100594                DFSDM1_FLT1_IRQHandler
                0x08100594                DMAMUX2_OVR_IRQHandler
                0x08100594                TIM8_UP_TIM13_IRQHandler
                0x08100594                I2C3_ER_IRQHandler
                0x08100594                DFSDM1_FLT2_IRQHandler
                0x08100594                MDMA_IRQHandler
                0x08100594                LPTIM3_IRQHandler
                0x08100594                HSEM1_IRQHandler
                0x08100594                EXTI0_IRQHandler
                0x08100594                I2C2_EV_IRQHandler
                0x08100594                DMA1_Stream2_IRQHandler
                0x08100594                FPU_IRQHandler
                0x08100594                OTG_HS_WKUP_IRQHandler
                0x08100594                FDCAN1_IT1_IRQHandler
                0x08100594                LTDC_ER_IRQHandler
                0x08100594                DMA2_Stream2_IRQHandler
                0x08100594                HRTIM1_TIME_IRQHandler
                0x08100594                SPI1_IRQHandler
                0x08100594                TIM6_DAC_IRQHandler
                0x08100594                DCMI_IRQHandler
                0x08100594                HRTIM1_TIMC_IRQHandler
                0x08100594                DMA2_Stream3_IRQHandler
                0x08100594                SAI2_IRQHandler
                0x08100594                DFSDM1_FLT3_IRQHandler
                0x08100594                USART6_IRQHandler
                0x08100594                TIM17_IRQHandler
                0x08100594                USART3_IRQHandler
                0x08100594                BDMA_Channel7_IRQHandler
                0x08100594                LPTIM5_IRQHandler
                0x08100594                UART5_IRQHandler
                0x08100594                ADC3_IRQHandler
                0x08100594                DMA2_Stream0_IRQHandler
                0x08100594                TIM4_IRQHandler
                0x08100594                BDMA_Channel2_IRQHandler
                0x08100594                QUADSPI_IRQHandler
                0x08100594                I2C1_EV_IRQHandler
                0x08100594                DMA1_Stream6_IRQHandler
                0x08100594                DMAMUX1_OVR_IRQHandler
                0x08100594                DMA1_Stream1_IRQHandler
                0x08100594                TIM16_IRQHandler
                0x08100594                UART4_IRQHandler
                0x08100594                BDMA_Channel5_IRQHandler
                0x08100594                RCC_IRQHandler
                0x08100594                TIM8_BRK_TIM12_IRQHandler
                0x08100594                TIM1_TRG_COM_IRQHandler
                0x08100594                Default_Handler
                0x08100594                ECC_IRQHandler
                0x08100594                CEC_IRQHandler
                0x08100594                EXTI15_10_IRQHandler
                0x08100594                BDMA_Channel0_IRQHandler
                0x08100594                ADC_IRQHandler
                0x08100594                DMA1_Stream7_IRQHandler
                0x08100594                HRTIM1_TIMA_IRQHandler
                0x08100594                SPI5_IRQHandler
                0x08100594                TIM7_IRQHandler
                0x08100594                SDMMC1_IRQHandler
                0x08100594                TIM5_IRQHandler
                0x08100594                DMA2_Stream7_IRQHandler
                0x08100594                TIM15_IRQHandler
                0x08100594                PVD_AVD_IRQHandler
                0x08100594                I2C3_EV_IRQHandler
                0x08100594                EXTI9_5_IRQHandler
                0x08100594                RTC_WKUP_IRQHandler
                0x08100594                LTDC_IRQHandler
                0x08100594                SAI3_IRQHandler
                0x08100594                ETH_WKUP_IRQHandler
                0x08100594                SPDIF_RX_IRQHandler
                0x08100594                SPI2_IRQHandler
                0x08100594                OTG_HS_EP1_IN_IRQHandler
                0x08100594                DMA1_Stream0_IRQHandler
                0x08100594                CRS_IRQHandler
                0x08100594                CM7_SEV_IRQHandler
                0x08100594                EXTI4_IRQHandler
                0x08100594                RNG_IRQHandler
                0x08100594                CM4_SEV_IRQHandler
                0x08100594                HRTIM1_TIMB_IRQHandler
                0x08100594                FDCAN2_IT1_IRQHandler
                0x08100594                ETH_IRQHandler
                0x08100594                TIM1_UP_IRQHandler
                0x08100594                WWDG_RST_IRQHandler
                0x08100594                BDMA_Channel4_IRQHandler
                0x08100594                OTG_HS_EP1_OUT_IRQHandler
                0x08100594                WWDG_IRQHandler
                0x08100594                SPI6_IRQHandler
                0x08100594                MDIOS_IRQHandler
                0x08100594                I2C4_EV_IRQHandler
                0x08100594                FDCAN2_IT0_IRQHandler
                0x08100594                LPUART1_IRQHandler
                0x08100594                FDCAN1_IT0_IRQHandler
                0x08100594                TIM2_IRQHandler
                0x08100594                OTG_FS_WKUP_IRQHandler
                0x08100594                OTG_HS_IRQHandler
                0x08100594                HSEM2_IRQHandler
                0x08100594                DMA2D_IRQHandler
                0x08100594                TIM1_BRK_IRQHandler
                0x08100594                EXTI1_IRQHandler
                0x08100594                SDMMC2_IRQHandler
                0x08100594                OTG_FS_EP1_OUT_IRQHandler
                0x08100594                BDMA_Channel3_IRQHandler
                0x08100594                HOLD_CORE_IRQHandler
                0x08100594                UART7_IRQHandler
                0x08100594                MDIOS_WKUP_IRQHandler
                0x08100594                USART2_IRQHandler
                0x08100594                DFSDM1_FLT0_IRQHandler
                0x08100594                SAI4_IRQHandler
                0x08100594                I2C2_ER_IRQHandler
                0x08100594                DMA2_Stream1_IRQHandler
                0x08100594                FLASH_IRQHandler
                0x08100594                DMA2_Stream4_IRQHandler
                0x08100594                USART1_IRQHandler
                0x08100594                OTG_FS_IRQHandler
                0x08100594                SPI3_IRQHandler
                0x08100594                WAKEUP_PIN_IRQHandler
                0x08100594                DMA1_Stream4_IRQHandler
                0x08100594                OTG_FS_EP1_IN_IRQHandler
                0x08100594                I2C1_ER_IRQHandler
                0x08100594                FMC_IRQHandler
                0x08100594                FDCAN_CAL_IRQHandler
                0x08100594                SWPMI1_IRQHandler
                0x08100594                COMP1_IRQHandler
                0x08100594                LPTIM1_IRQHandler
                0x08100594                I2C4_ER_IRQHandler
                0x08100594                DMA2_Stream6_IRQHandler
                0x08100594                SAI1_IRQHandler
                0x08100594                DMA1_Stream3_IRQHandler
 *fill*         0x08100596        0x2 
 .text.HAL_Init
                0x08100598       0xbc ./Drivers/STM32H7xx_HAL_Driver/stm32h7xx_hal.o
                0x08100598                HAL_Init
 .text.HAL_IncTick
                0x08100654       0x28 ./Drivers/STM32H7xx_HAL_Driver/stm32h7xx_hal.o
                0x08100654                HAL_IncTick
 .text.__NVIC_SetPriorityGrouping
                0x0810067c       0x48 ./Drivers/STM32H7xx_HAL_Driver/stm32h7xx_hal_cortex.o
 .text.__NVIC_GetPriorityGrouping
                0x081006c4       0x1c ./Drivers/STM32H7xx_HAL_Driver/stm32h7xx_hal_cortex.o
 .text.__NVIC_EnableIRQ
                0x081006e0       0x3c ./Drivers/STM32H7xx_HAL_Driver/stm32h7xx_hal_cortex.o
 .text.__NVIC_SetPriority
                0x0810071c       0x54 ./Drivers/STM32H7xx_HAL_Driver/stm32h7xx_hal_cortex.o
 .text.NVIC_EncodePriority
                0x08100770       0x66 ./Drivers/STM32H7xx_HAL_Driver/stm32h7xx_hal_cortex.o
 .text.HAL_NVIC_SetPriorityGrouping
                0x081007d6       0x16 ./Drivers/STM32H7xx_HAL_Driver/stm32h7xx_hal_cortex.o
                0x081007d6                HAL_NVIC_SetPriorityGrouping
 .text.HAL_NVIC_SetPriority
                0x081007ec       0x34 ./Drivers/STM32H7xx_HAL_Driver/stm32h7xx_hal_cortex.o
                0x081007ec                HAL_NVIC_SetPriority
 .text.HAL_NVIC_EnableIRQ
                0x08100820       0x1c ./Drivers/STM32H7xx_HAL_Driver/stm32h7xx_hal_cortex.o
                0x08100820                HAL_NVIC_EnableIRQ
 .text.HAL_GetCurrentCPUID
                0x0810083c       0x28 ./Drivers/STM32H7xx_HAL_Driver/stm32h7xx_hal_cortex.o
                0x0810083c                HAL_GetCurrentCPUID
 .text.HAL_HSEM_ActivateNotification
                0x08100864       0x24 ./Drivers/STM32H7xx_HAL_Driver/stm32h7xx_hal_hsem.o
                0x08100864                HAL_HSEM_ActivateNotification
 .text.HAL_PWREx_EnterSTOPMode
                0x08100888       0xf4 ./Drivers/STM32H7xx_HAL_Driver/stm32h7xx_hal_pwr_ex.o
                0x08100888                HAL_PWREx_EnterSTOPMode
 .text.HAL_PWREx_ClearPendingEvent
                0x0810097c       0x1a ./Drivers/STM32H7xx_HAL_Driver/stm32h7xx_hal_pwr_ex.o
                0x0810097c                HAL_PWREx_ClearPendingEvent
 *fill*         0x08100996        0x2 
 .text.HAL_RCC_GetSysClockFreq
                0x08100998      0x2f4 ./Drivers/STM32H7xx_HAL_Driver/stm32h7xx_hal_rcc.o
                0x08100998                HAL_RCC_GetSysClockFreq
 .text.HAL_RCC_GetHCLKFreq
                0x08100c8c       0x64 ./Drivers/STM32H7xx_HAL_Driver/stm32h7xx_hal_rcc.o
                0x08100c8c                HAL_RCC_GetHCLKFreq
 .text.HAL_RCC_GetPCLK1Freq
                0x08100cf0       0x2c ./Drivers/STM32H7xx_HAL_Driver/stm32h7xx_hal_rcc.o
                0x08100cf0                HAL_RCC_GetPCLK1Freq
 .text.HAL_RCC_GetClockConfig
                0x08100d1c       0x84 ./Drivers/STM32H7xx_HAL_Driver/stm32h7xx_hal_rcc.o
                0x08100d1c                HAL_RCC_GetClockConfig
 .text.HAL_TIM_Base_Init
                0x08100da0       0xae ./Drivers/STM32H7xx_HAL_Driver/stm32h7xx_hal_tim.o
                0x08100da0                HAL_TIM_Base_Init
 .text.HAL_TIM_Base_MspInit
                0x08100e4e       0x14 ./Drivers/STM32H7xx_HAL_Driver/stm32h7xx_hal_tim.o
                0x08100e4e                HAL_TIM_Base_MspInit
 *fill*         0x08100e62        0x2 
 .text.HAL_TIM_Base_Start_IT
                0x08100e64       0xf0 ./Drivers/STM32H7xx_HAL_Driver/stm32h7xx_hal_tim.o
                0x08100e64                HAL_TIM_Base_Start_IT
 .text.HAL_TIM_IRQHandler
                0x08100f54      0x23e ./Drivers/STM32H7xx_HAL_Driver/stm32h7xx_hal_tim.o
                0x08100f54                HAL_TIM_IRQHandler
 .text.HAL_TIM_OC_DelayElapsedCallback
                0x08101192       0x14 ./Drivers/STM32H7xx_HAL_Driver/stm32h7xx_hal_tim.o
                0x08101192                HAL_TIM_OC_DelayElapsedCallback
 .text.HAL_TIM_IC_CaptureCallback
                0x081011a6       0x14 ./Drivers/STM32H7xx_HAL_Driver/stm32h7xx_hal_tim.o
                0x081011a6                HAL_TIM_IC_CaptureCallback
 .text.HAL_TIM_PWM_PulseFinishedCallback
                0x081011ba       0x14 ./Drivers/STM32H7xx_HAL_Driver/stm32h7xx_hal_tim.o
                0x081011ba                HAL_TIM_PWM_PulseFinishedCallback
 .text.HAL_TIM_TriggerCallback
                0x081011ce       0x14 ./Drivers/STM32H7xx_HAL_Driver/stm32h7xx_hal_tim.o
                0x081011ce                HAL_TIM_TriggerCallback
 *fill*         0x081011e2        0x2 
 .text.TIM_Base_SetConfig
                0x081011e4      0x134 ./Drivers/STM32H7xx_HAL_Driver/stm32h7xx_hal_tim.o
                0x081011e4                TIM_Base_SetConfig
 .text.HAL_TIMEx_CommutCallback
                0x08101318       0x14 ./Drivers/STM32H7xx_HAL_Driver/stm32h7xx_hal_tim_ex.o
                0x08101318                HAL_TIMEx_CommutCallback
 .text.HAL_TIMEx_BreakCallback
                0x0810132c       0x14 ./Drivers/STM32H7xx_HAL_Driver/stm32h7xx_hal_tim_ex.o
                0x0810132c                HAL_TIMEx_BreakCallback
 .text.HAL_TIMEx_Break2Callback
                0x08101340       0x14 ./Drivers/STM32H7xx_HAL_Driver/stm32h7xx_hal_tim_ex.o
                0x08101340                HAL_TIMEx_Break2Callback
 .text.__NVIC_SetPriority
                0x08101354       0x54 ./Middlewares/Third_Party/FreeRTOS/cmsis_os2.o
 .text.SysTick_Handler
                0x081013a8       0x20 ./Middlewares/Third_Party/FreeRTOS/cmsis_os2.o
                0x081013a8                SysTick_Handler
 .text.SVC_Setup
                0x081013c8       0x12 ./Middlewares/Third_Party/FreeRTOS/cmsis_os2.o
 *fill*         0x081013da        0x2 
 .text.osKernelInitialize
                0x081013dc       0x48 ./Middlewares/Third_Party/FreeRTOS/cmsis_os2.o
                0x081013dc                osKernelInitialize
 .text.osKernelStart
                0x08101424       0x4c ./Middlewares/Third_Party/FreeRTOS/cmsis_os2.o
                0x08101424                osKernelStart
 .text.osThreadNew
                0x08101470      0x124 ./Middlewares/Third_Party/FreeRTOS/cmsis_os2.o
                0x08101470                osThreadNew
 .text.osDelay  0x08101594       0x36 ./Middlewares/Third_Party/FreeRTOS/cmsis_os2.o
                0x08101594                osDelay
 *fill*         0x081015ca        0x2 
 .text.vApplicationGetIdleTaskMemory
                0x081015cc       0x34 ./Middlewares/Third_Party/FreeRTOS/cmsis_os2.o
                0x081015cc                vApplicationGetIdleTaskMemory
 .text.vApplicationGetTimerTaskMemory
                0x08101600       0x34 ./Middlewares/Third_Party/FreeRTOS/cmsis_os2.o
                0x08101600                vApplicationGetTimerTaskMemory
 .text.pvPortMalloc
                0x08101634      0x19c ./Middlewares/Third_Party/FreeRTOS/heap_4.o
                0x08101634                pvPortMalloc
 .text.vPortFree
                0x081017d0       0xc8 ./Middlewares/Third_Party/FreeRTOS/heap_4.o
                0x081017d0                vPortFree
 .text.prvHeapInit
                0x08101898       0xc4 ./Middlewares/Third_Party/FreeRTOS/heap_4.o
 .text.prvInsertBlockIntoFreeList
                0x0810195c       0xb4 ./Middlewares/Third_Party/FreeRTOS/heap_4.o
 .text.vListInitialise
                0x08101a10       0x40 ./Middlewares/Third_Party/FreeRTOS/list.o
                0x08101a10                vListInitialise
 .text.vListInitialiseItem
                0x08101a50       0x1a ./Middlewares/Third_Party/FreeRTOS/list.o
                0x08101a50                vListInitialiseItem
 .text.vListInsertEnd
                0x08101a6a       0x48 ./Middlewares/Third_Party/FreeRTOS/list.o
                0x08101a6a                vListInsertEnd
 .text.vListInsert
                0x08101ab2       0x72 ./Middlewares/Third_Party/FreeRTOS/list.o
                0x08101ab2                vListInsert
 .text.uxListRemove
                0x08101b24       0x54 ./Middlewares/Third_Party/FreeRTOS/list.o
                0x08101b24                uxListRemove
 .text.pxPortInitialiseStack
                0x08101b78       0x68 ./Middlewares/Third_Party/FreeRTOS/port.o
                0x08101b78                pxPortInitialiseStack
 .text.prvTaskExitError
                0x08101be0       0x5c ./Middlewares/Third_Party/FreeRTOS/port.o
 *fill*         0x08101c3c        0x4 
 .text.SVC_Handler
                0x08101c40       0x28 ./Middlewares/Third_Party/FreeRTOS/port.o
                0x08101c40                SVC_Handler
 .text.prvPortStartFirstTask
                0x08101c68       0x28 ./Middlewares/Third_Party/FreeRTOS/port.o
 .text.xPortStartScheduler
                0x08101c90      0x148 ./Middlewares/Third_Party/FreeRTOS/port.o
                0x08101c90                xPortStartScheduler
 .text.vPortEnterCritical
                0x08101dd8       0x64 ./Middlewares/Third_Party/FreeRTOS/port.o
                0x08101dd8                vPortEnterCritical
 .text.vPortExitCritical
                0x08101e3c       0x54 ./Middlewares/Third_Party/FreeRTOS/port.o
                0x08101e3c                vPortExitCritical
 .text.PendSV_Handler
                0x08101e90       0x68 ./Middlewares/Third_Party/FreeRTOS/port.o
                0x08101e90                PendSV_Handler
 .text.xPortSysTickHandler
                0x08101ef8       0x44 ./Middlewares/Third_Party/FreeRTOS/port.o
                0x08101ef8                xPortSysTickHandler
 .text.vPortSetupTimerInterrupt
                0x08101f3c       0x48 ./Middlewares/Third_Party/FreeRTOS/port.o
                0x08101f3c                vPortSetupTimerInterrupt
 .text.vPortEnableVFP
                0x08101f84       0x14 ./Middlewares/Third_Party/FreeRTOS/port.o
 .text.vPortValidateInterruptPriority
                0x08101f98       0x84 ./Middlewares/Third_Party/FreeRTOS/port.o
                0x08101f98                vPortValidateInterruptPriority
 .text.xQueueGenericReset
                0x0810201c       0xd4 ./Middlewares/Third_Party/FreeRTOS/queue.o
                0x0810201c                xQueueGenericReset
 .text.xQueueGenericCreateStatic
                0x081020f0       0xfa ./Middlewares/Third_Party/FreeRTOS/queue.o
                0x081020f0                xQueueGenericCreateStatic
 .text.prvInitialiseNewQueue
                0x081021ea       0x46 ./Middlewares/Third_Party/FreeRTOS/queue.o
 .text.xQueueGenericSend
                0x08102230      0x204 ./Middlewares/Third_Party/FreeRTOS/queue.o
                0x08102230                xQueueGenericSend
 .text.xQueueGenericSendFromISR
                0x08102434      0x13c ./Middlewares/Third_Party/FreeRTOS/queue.o
                0x08102434                xQueueGenericSendFromISR
 .text.xQueueReceive
                0x08102570      0x1c4 ./Middlewares/Third_Party/FreeRTOS/queue.o
                0x08102570                xQueueReceive
 .text.prvCopyDataToQueue
                0x08102734       0xd4 ./Middlewares/Third_Party/FreeRTOS/queue.o
 .text.prvCopyDataFromQueue
                0x08102808       0x4c ./Middlewares/Third_Party/FreeRTOS/queue.o
 .text.prvUnlockQueue
                0x08102854       0xa4 ./Middlewares/Third_Party/FreeRTOS/queue.o
 .text.prvIsQueueEmpty
                0x081028f8       0x2c ./Middlewares/Third_Party/FreeRTOS/queue.o
 .text.prvIsQueueFull
                0x08102924       0x30 ./Middlewares/Third_Party/FreeRTOS/queue.o
 .text.vQueueAddToRegistry
                0x08102954       0x54 ./Middlewares/Third_Party/FreeRTOS/queue.o
                0x08102954                vQueueAddToRegistry
 .text.vQueueWaitForMessageRestricted
                0x081029a8       0x68 ./Middlewares/Third_Party/FreeRTOS/queue.o
                0x081029a8                vQueueWaitForMessageRestricted
 .text.xTaskCreateStatic
                0x08102a10       0xc0 ./Middlewares/Third_Party/FreeRTOS/tasks.o
                0x08102a10                xTaskCreateStatic
 .text.xTaskCreate
                0x08102ad0       0x8a ./Middlewares/Third_Party/FreeRTOS/tasks.o
                0x08102ad0                xTaskCreate
 *fill*         0x08102b5a        0x2 
 .text.prvInitialiseNewTask
                0x08102b5c      0x150 ./Middlewares/Third_Party/FreeRTOS/tasks.o
 .text.prvAddNewTaskToReadyList
                0x08102cac       0xe0 ./Middlewares/Third_Party/FreeRTOS/tasks.o
 .text.vTaskDelay
                0x08102d8c       0x6c ./Middlewares/Third_Party/FreeRTOS/tasks.o
                0x08102d8c                vTaskDelay
 .text.vTaskStartScheduler
                0x08102df8       0xe0 ./Middlewares/Third_Party/FreeRTOS/tasks.o
                0x08102df8                vTaskStartScheduler
 .text.vTaskSuspendAll
                0x08102ed8       0x1c ./Middlewares/Third_Party/FreeRTOS/tasks.o
                0x08102ed8                vTaskSuspendAll
 .text.xTaskResumeAll
                0x08102ef4      0x13c ./Middlewares/Third_Party/FreeRTOS/tasks.o
                0x08102ef4                xTaskResumeAll
 .text.xTaskGetTickCount
                0x08103030       0x20 ./Middlewares/Third_Party/FreeRTOS/tasks.o
                0x08103030                xTaskGetTickCount
 .text.xTaskIncrementTick
                0x08103050      0x174 ./Middlewares/Third_Party/FreeRTOS/tasks.o
                0x08103050                xTaskIncrementTick
 .text.vTaskSwitchContext
                0x081031c4       0xcc ./Middlewares/Third_Party/FreeRTOS/tasks.o
                0x081031c4                vTaskSwitchContext
 .text.vTaskPlaceOnEventList
                0x08103290       0x4c ./Middlewares/Third_Party/FreeRTOS/tasks.o
                0x08103290                vTaskPlaceOnEventList
 .text.vTaskPlaceOnEventListRestricted
                0x081032dc       0x58 ./Middlewares/Third_Party/FreeRTOS/tasks.o
                0x081032dc                vTaskPlaceOnEventListRestricted
 .text.xTaskRemoveFromEventList
                0x08103334       0xc8 ./Middlewares/Third_Party/FreeRTOS/tasks.o
                0x08103334                xTaskRemoveFromEventList
 .text.vTaskInternalSetTimeOutState
                0x081033fc       0x2c ./Middlewares/Third_Party/FreeRTOS/tasks.o
                0x081033fc                vTaskInternalSetTimeOutState
 .text.xTaskCheckForTimeOut
                0x08103428       0xc8 ./Middlewares/Third_Party/FreeRTOS/tasks.o
                0x08103428                xTaskCheckForTimeOut
 .text.vTaskMissedYield
                0x081034f0       0x18 ./Middlewares/Third_Party/FreeRTOS/tasks.o
                0x081034f0                vTaskMissedYield
 .text.prvIdleTask
                0x08103508       0x30 ./Middlewares/Third_Party/FreeRTOS/tasks.o
 .text.prvInitialiseTaskLists
                0x08103538       0x80 ./Middlewares/Third_Party/FreeRTOS/tasks.o
 .text.prvCheckTasksWaitingTermination
                0x081035b8       0x5c ./Middlewares/Third_Party/FreeRTOS/tasks.o
 .text.prvDeleteTCB
                0x08103614       0x6a ./Middlewares/Third_Party/FreeRTOS/tasks.o
 *fill*         0x0810367e        0x2 
 .text.prvResetNextTaskUnblockTime
                0x08103680       0x40 ./Middlewares/Third_Party/FreeRTOS/tasks.o
 .text.xTaskGetSchedulerState
                0x081036c0       0x3c ./Middlewares/Third_Party/FreeRTOS/tasks.o
                0x081036c0                xTaskGetSchedulerState
 .text.xTaskPriorityDisinherit
                0x081036fc       0xe0 ./Middlewares/Third_Party/FreeRTOS/tasks.o
                0x081036fc                xTaskPriorityDisinherit
 .text.prvAddCurrentTaskToDelayedList
                0x081037dc       0xa8 ./Middlewares/Third_Party/FreeRTOS/tasks.o
 .text.xTimerCreateTimerTask
                0x08103884       0x94 ./Middlewares/Third_Party/FreeRTOS/timers.o
                0x08103884                xTimerCreateTimerTask
 .text.xTimerGenericCommand
                0x08103918       0x9c ./Middlewares/Third_Party/FreeRTOS/timers.o
                0x08103918                xTimerGenericCommand
 .text.prvProcessExpiredTimer
                0x081039b4       0x9c ./Middlewares/Third_Party/FreeRTOS/timers.o
 .text.prvTimerTask
                0x08103a50       0x26 ./Middlewares/Third_Party/FreeRTOS/timers.o
 *fill*         0x08103a76        0x2 
 .text.prvProcessTimerOrBlockTask
                0x08103a78       0x9c ./Middlewares/Third_Party/FreeRTOS/timers.o
 .text.prvGetNextExpireTime
                0x08103b14       0x48 ./Middlewares/Third_Party/FreeRTOS/timers.o
 .text.prvSampleTimeNow
                0x08103b5c       0x40 ./Middlewares/Third_Party/FreeRTOS/timers.o
 .text.prvInsertTimerInActiveList
                0x08103b9c       0x84 ./Middlewares/Third_Party/FreeRTOS/timers.o
 .text.prvProcessReceivedCommands
                0x08103c20      0x1cc ./Middlewares/Third_Party/FreeRTOS/timers.o
 .text.prvSwitchTimerLists
                0x08103dec       0xcc ./Middlewares/Third_Party/FreeRTOS/timers.o
 .text.prvCheckForValidListAndQueue
                0x08103eb8       0x80 ./Middlewares/Third_Party/FreeRTOS/timers.o
 .text.memset   0x08103f38       0x10 /opt/st/stm32cubeide_1.17.0/plugins/com.st.stm32cube.ide.mcu.externaltools.gnu-tools-for-stm32.12.3.rel1.linux64_1.1.0.202410170702/tools/bin/../lib/gcc/arm-none-eabi/12.3.1/../../../../arm-none-eabi/lib/thumb/v7e-m+fp/hard/libc_nano.a(libc_a-memset.o)
                0x08103f38                memset
 .text._reclaim_reent
                0x08103f48       0xac /opt/st/stm32cubeide_1.17.0/plugins/com.st.stm32cube.ide.mcu.externaltools.gnu-tools-for-stm32.12.3.rel1.linux64_1.1.0.202410170702/tools/bin/../lib/gcc/arm-none-eabi/12.3.1/../../../../arm-none-eabi/lib/thumb/v7e-m+fp/hard/libc_nano.a(libc_a-reent.o)
                0x08103f48                _reclaim_reent
 .text.__libc_init_array
                0x08103ff4       0x48 /opt/st/stm32cubeide_1.17.0/plugins/com.st.stm32cube.ide.mcu.externaltools.gnu-tools-for-stm32.12.3.rel1.linux64_1.1.0.202410170702/tools/bin/../lib/gcc/arm-none-eabi/12.3.1/../../../../arm-none-eabi/lib/thumb/v7e-m+fp/hard/libc_nano.a(libc_a-init.o)
                0x08103ff4                __libc_init_array
 .text.__retarget_lock_acquire_recursive
                0x0810403c        0x2 /opt/st/stm32cubeide_1.17.0/plugins/com.st.stm32cube.ide.mcu.externaltools.gnu-tools-for-stm32.12.3.rel1.linux64_1.1.0.202410170702/tools/bin/../lib/gcc/arm-none-eabi/12.3.1/../../../../arm-none-eabi/lib/thumb/v7e-m+fp/hard/libc_nano.a(libc_a-lock.o)
                0x0810403c                __retarget_lock_acquire_recursive
 .text.__retarget_lock_release_recursive
                0x0810403e        0x2 /opt/st/stm32cubeide_1.17.0/plugins/com.st.stm32cube.ide.mcu.externaltools.gnu-tools-for-stm32.12.3.rel1.linux64_1.1.0.202410170702/tools/bin/../lib/gcc/arm-none-eabi/12.3.1/../../../../arm-none-eabi/lib/thumb/v7e-m+fp/hard/libc_nano.a(libc_a-lock.o)
                0x0810403e                __retarget_lock_release_recursive
 .text.memcpy   0x08104040       0x1c /opt/st/stm32cubeide_1.17.0/plugins/com.st.stm32cube.ide.mcu.externaltools.gnu-tools-for-stm32.12.3.rel1.linux64_1.1.0.202410170702/tools/bin/../lib/gcc/arm-none-eabi/12.3.1/../../../../arm-none-eabi/lib/thumb/v7e-m+fp/hard/libc_nano.a(libc_a-memcpy-stub.o)
                0x08104040                memcpy
 .text._free_r  0x0810405c       0x94 /opt/st/stm32cubeide_1.17.0/plugins/com.st.stm32cube.ide.mcu.externaltools.gnu-tools-for-stm32.12.3.rel1.linux64_1.1.0.202410170702/tools/bin/../lib/gcc/arm-none-eabi/12.3.1/../../../../arm-none-eabi/lib/thumb/v7e-m+fp/hard/libc_nano.a(libc_a-freer.o)
                0x0810405c                _free_r
 .text.__malloc_lock
                0x081040f0        0xc /opt/st/stm32cubeide_1.17.0/plugins/com.st.stm32cube.ide.mcu.externaltools.gnu-tools-for-stm32.12.3.rel1.linux64_1.1.0.202410170702/tools/bin/../lib/gcc/arm-none-eabi/12.3.1/../../../../arm-none-eabi/lib/thumb/v7e-m+fp/hard/libc_nano.a(libc_a-mlock.o)
                0x081040f0                __malloc_lock
 .text.__malloc_unlock
                0x081040fc        0xc /opt/st/stm32cubeide_1.17.0/plugins/com.st.stm32cube.ide.mcu.externaltools.gnu-tools-for-stm32.12.3.rel1.linux64_1.1.0.202410170702/tools/bin/../lib/gcc/arm-none-eabi/12.3.1/../../../../arm-none-eabi/lib/thumb/v7e-m+fp/hard/libc_nano.a(libc_a-mlock.o)
                0x081040fc                __malloc_unlock
 *(.glue_7)
 .glue_7        0x08104108        0x0 linker stubs
 *(.glue_7t)
 .glue_7t       0x08104108        0x0 linker stubs
 *(.eh_frame)
 .eh_frame      0x08104108        0x0 /opt/st/stm32cubeide_1.17.0/plugins/com.st.stm32cube.ide.mcu.externaltools.gnu-tools-for-stm32.12.3.rel1.linux64_1.1.0.202410170702/tools/bin/../lib/gcc/arm-none-eabi/12.3.1/thumb/v7e-m+fp/hard/crtbegin.o
 *(.init)
 .init          0x08104108        0x4 /opt/st/stm32cubeide_1.17.0/plugins/com.st.stm32cube.ide.mcu.externaltools.gnu-tools-for-stm32.12.3.rel1.linux64_1.1.0.202410170702/tools/bin/../lib/gcc/arm-none-eabi/12.3.1/thumb/v7e-m+fp/hard/crti.o
                0x08104108                _init
 .init          0x0810410c        0x8 /opt/st/stm32cubeide_1.17.0/plugins/com.st.stm32cube.ide.mcu.externaltools.gnu-tools-for-stm32.12.3.rel1.linux64_1.1.0.202410170702/tools/bin/../lib/gcc/arm-none-eabi/12.3.1/thumb/v7e-m+fp/hard/crtn.o
 *(.fini)
 .fini          0x08104114        0x4 /opt/st/stm32cubeide_1.17.0/plugins/com.st.stm32cube.ide.mcu.externaltools.gnu-tools-for-stm32.12.3.rel1.linux64_1.1.0.202410170702/tools/bin/../lib/gcc/arm-none-eabi/12.3.1/thumb/v7e-m+fp/hard/crti.o
                0x08104114                _fini
 .fini          0x08104118        0x8 /opt/st/stm32cubeide_1.17.0/plugins/com.st.stm32cube.ide.mcu.externaltools.gnu-tools-for-stm32.12.3.rel1.linux64_1.1.0.202410170702/tools/bin/../lib/gcc/arm-none-eabi/12.3.1/thumb/v7e-m+fp/hard/crtn.o
                0x08104120                        . = ALIGN (0x4)
                0x08104120                        _etext = .

.vfp11_veneer   0x08104120        0x0
 .vfp11_veneer  0x08104120        0x0 linker stubs

.v4_bx          0x08104120        0x0
 .v4_bx         0x08104120        0x0 linker stubs

.iplt           0x08104120        0x0
 .iplt          0x08104120        0x0 /opt/st/stm32cubeide_1.17.0/plugins/com.st.stm32cube.ide.mcu.externaltools.gnu-tools-for-stm32.12.3.rel1.linux64_1.1.0.202410170702/tools/bin/../lib/gcc/arm-none-eabi/12.3.1/thumb/v7e-m+fp/hard/crtbegin.o

.rodata         0x08104120       0x58
                0x08104120                        . = ALIGN (0x4)
 *(.rodata)
 .rodata        0x08104120        0xc ./Core/Src/main.o
 .rodata        0x0810412c        0x5 ./Middlewares/Third_Party/FreeRTOS/tasks.o
 *fill*         0x08104131        0x3 
 .rodata        0x08104134        0xd ./Middlewares/Third_Party/FreeRTOS/timers.o
 *(.rodata*)
 *fill*         0x08104141        0x3 
 .rodata.D1CorePrescTable
                0x08104144       0x10 ./Common/Src/system_stm32h7xx_dualcore_boot_cm4_cm7.o
                0x08104144                D1CorePrescTable
 .rodata.defaultTask_attributes
                0x08104154       0x24 ./Core/Src/main.o
                0x08104154                defaultTask_attributes
                0x08104178                        . = ALIGN (0x4)

.ARM.extab
 *(.ARM.extab* .gnu.linkonce.armextab.*)

.ARM            0x08104178        0x0
                0x08104178                        __exidx_start = .
 *(.ARM.exidx*)
                0x08104178                        __exidx_end = .

.preinit_array  0x08104178        0x0
                0x08104178                        PROVIDE (__preinit_array_start = .)
 *(.preinit_array*)
                0x08104178                        PROVIDE (__preinit_array_end = .)

.init_array     0x08104178        0x4
                0x08104178                        PROVIDE (__init_array_start = .)
 *(SORT_BY_NAME(.init_array.*))
 *(.init_array*)
 .init_array    0x08104178        0x4 /opt/st/stm32cubeide_1.17.0/plugins/com.st.stm32cube.ide.mcu.externaltools.gnu-tools-for-stm32.12.3.rel1.linux64_1.1.0.202410170702/tools/bin/../lib/gcc/arm-none-eabi/12.3.1/thumb/v7e-m+fp/hard/crtbegin.o
                0x0810417c                        PROVIDE (__init_array_end = .)

.fini_array     0x0810417c        0x4
                [!provide]                        PROVIDE (__fini_array_start = .)
 *(SORT_BY_NAME(.fini_array.*))
 *(.fini_array*)
 .fini_array    0x0810417c        0x4 /opt/st/stm32cubeide_1.17.0/plugins/com.st.stm32cube.ide.mcu.externaltools.gnu-tools-for-stm32.12.3.rel1.linux64_1.1.0.202410170702/tools/bin/../lib/gcc/arm-none-eabi/12.3.1/thumb/v7e-m+fp/hard/crtbegin.o
                [!provide]                        PROVIDE (__fini_array_end = .)
                0x08104180                        _sidata = LOADADDR (.data)

.rel.dyn        0x08104180        0x0
 .rel.iplt      0x08104180        0x0 /opt/st/stm32cubeide_1.17.0/plugins/com.st.stm32cube.ide.mcu.externaltools.gnu-tools-for-stm32.12.3.rel1.linux64_1.1.0.202410170702/tools/bin/../lib/gcc/arm-none-eabi/12.3.1/thumb/v7e-m+fp/hard/crtbegin.o

.data           0x10000000       0x64 load address 0x08104180
                0x10000000                        . = ALIGN (0x4)
                0x10000000                        _sdata = .
 *(.data)
 *(.data*)
 .data.SystemCoreClock
                0x10000000        0x4 ./Common/Src/system_stm32h7xx_dualcore_boot_cm4_cm7.o
                0x10000000                SystemCoreClock
 .data.SystemD2Clock
                0x10000004        0x4 ./Common/Src/system_stm32h7xx_dualcore_boot_cm4_cm7.o
                0x10000004                SystemD2Clock
 .data.uwTickPrio
                0x10000008        0x4 ./Drivers/STM32H7xx_HAL_Driver/stm32h7xx_hal.o
                0x10000008                uwTickPrio
 .data.uwTickFreq
                0x1000000c        0x1 ./Drivers/STM32H7xx_HAL_Driver/stm32h7xx_hal.o
                0x1000000c                uwTickFreq
 *fill*         0x1000000d        0x3 
 .data.uxCriticalNesting
                0x10000010        0x4 ./Middlewares/Third_Party/FreeRTOS/port.o
 .data._impure_ptr
                0x10000014        0x4 /opt/st/stm32cubeide_1.17.0/plugins/com.st.stm32cube.ide.mcu.externaltools.gnu-tools-for-stm32.12.3.rel1.linux64_1.1.0.202410170702/tools/bin/../lib/gcc/arm-none-eabi/12.3.1/../../../../arm-none-eabi/lib/thumb/v7e-m+fp/hard/libc_nano.a(libc_a-impure.o)
                0x10000014                _impure_ptr
 .data._impure_data
                0x10000018       0x4c /opt/st/stm32cubeide_1.17.0/plugins/com.st.stm32cube.ide.mcu.externaltools.gnu-tools-for-stm32.12.3.rel1.linux64_1.1.0.202410170702/tools/bin/../lib/gcc/arm-none-eabi/12.3.1/../../../../arm-none-eabi/lib/thumb/v7e-m+fp/hard/libc_nano.a(libc_a-impure.o)
                0x10000018                _impure_data
 *(.RamFunc)
 *(.RamFunc*)
                0x10000064                        . = ALIGN (0x4)
                0x10000064                        _edata = .

.igot.plt       0x10000064        0x0 load address 0x081041e4
 .igot.plt      0x10000064        0x0 /opt/st/stm32cubeide_1.17.0/plugins/com.st.stm32cube.ide.mcu.externaltools.gnu-tools-for-stm32.12.3.rel1.linux64_1.1.0.202410170702/tools/bin/../lib/gcc/arm-none-eabi/12.3.1/thumb/v7e-m+fp/hard/crtbegin.o
                0x10000064                        . = ALIGN (0x4)

.bss            0x10000064     0x4b98 load address 0x081041e4
                0x10000064                        _sbss = .
                0x10000064                        __bss_start__ = _sbss
 *(.bss)
 .bss           0x10000064       0x1c /opt/st/stm32cubeide_1.17.0/plugins/com.st.stm32cube.ide.mcu.externaltools.gnu-tools-for-stm32.12.3.rel1.linux64_1.1.0.202410170702/tools/bin/../lib/gcc/arm-none-eabi/12.3.1/thumb/v7e-m+fp/hard/crtbegin.o
 *(.bss*)
 .bss.defaultTaskHandle
                0x10000080        0x4 ./Core/Src/main.o
                0x10000080                defaultTaskHandle
 .bss.htim3     0x10000084       0x4c ./Core/Src/stm32h7xx_hal_timebase_tim.o
                0x10000084                htim3
 .bss.uwTick    0x100000d0        0x4 ./Drivers/STM32H7xx_HAL_Driver/stm32h7xx_hal.o
                0x100000d0                uwTick
 .bss.KernelState
                0x100000d4        0x4 ./Middlewares/Third_Party/FreeRTOS/cmsis_os2.o
 .bss.Idle_TCB.3
                0x100000d8       0xa8 ./Middlewares/Third_Party/FreeRTOS/cmsis_os2.o
 .bss.Idle_Stack.2
                0x10000180      0x200 ./Middlewares/Third_Party/FreeRTOS/cmsis_os2.o
 .bss.Timer_TCB.1
                0x10000380       0xa8 ./Middlewares/Third_Party/FreeRTOS/cmsis_os2.o
 .bss.Timer_Stack.0
                0x10000428      0x400 ./Middlewares/Third_Party/FreeRTOS/cmsis_os2.o
 .bss.ucHeap    0x10000828     0x3c00 ./Middlewares/Third_Party/FreeRTOS/heap_4.o
 .bss.xStart    0x10004428        0x8 ./Middlewares/Third_Party/FreeRTOS/heap_4.o
 .bss.pxEnd     0x10004430        0x4 ./Middlewares/Third_Party/FreeRTOS/heap_4.o
 .bss.xFreeBytesRemaining
                0x10004434        0x4 ./Middlewares/Third_Party/FreeRTOS/heap_4.o
 .bss.xMinimumEverFreeBytesRemaining
                0x10004438        0x4 ./Middlewares/Third_Party/FreeRTOS/heap_4.o
 .bss.xNumberOfSuccessfulAllocations
                0x1000443c        0x4 ./Middlewares/Third_Party/FreeRTOS/heap_4.o
 .bss.xNumberOfSuccessfulFrees
                0x10004440        0x4 ./Middlewares/Third_Party/FreeRTOS/heap_4.o
 .bss.xBlockAllocatedBit
                0x10004444        0x4 ./Middlewares/Third_Party/FreeRTOS/heap_4.o
 .bss.ucMaxSysCallPriority
                0x10004448        0x1 ./Middlewares/Third_Party/FreeRTOS/port.o
 *fill*         0x10004449        0x3 
 .bss.ulMaxPRIGROUPValue
                0x1000444c        0x4 ./Middlewares/Third_Party/FreeRTOS/port.o
 .bss.xQueueRegistry
                0x10004450       0x40 ./Middlewares/Third_Party/FreeRTOS/queue.o
                0x10004450                xQueueRegistry
 .bss.pxCurrentTCB
                0x10004490        0x4 ./Middlewares/Third_Party/FreeRTOS/tasks.o
                0x10004490                pxCurrentTCB
 .bss.pxReadyTasksLists
                0x10004494      0x460 ./Middlewares/Third_Party/FreeRTOS/tasks.o
 .bss.xDelayedTaskList1
                0x100048f4       0x14 ./Middlewares/Third_Party/FreeRTOS/tasks.o
 .bss.xDelayedTaskList2
                0x10004908       0x14 ./Middlewares/Third_Party/FreeRTOS/tasks.o
 .bss.pxDelayedTaskList
                0x1000491c        0x4 ./Middlewares/Third_Party/FreeRTOS/tasks.o
 .bss.pxOverflowDelayedTaskList
                0x10004920        0x4 ./Middlewares/Third_Party/FreeRTOS/tasks.o
 .bss.xPendingReadyList
                0x10004924       0x14 ./Middlewares/Third_Party/FreeRTOS/tasks.o
 .bss.xTasksWaitingTermination
                0x10004938       0x14 ./Middlewares/Third_Party/FreeRTOS/tasks.o
 .bss.uxDeletedTasksWaitingCleanUp
                0x1000494c        0x4 ./Middlewares/Third_Party/FreeRTOS/tasks.o
 .bss.xSuspendedTaskList
                0x10004950       0x14 ./Middlewares/Third_Party/FreeRTOS/tasks.o
 .bss.uxCurrentNumberOfTasks
                0x10004964        0x4 ./Middlewares/Third_Party/FreeRTOS/tasks.o
 .bss.xTickCount
                0x10004968        0x4 ./Middlewares/Third_Party/FreeRTOS/tasks.o
 .bss.uxTopReadyPriority
                0x1000496c        0x4 ./Middlewares/Third_Party/FreeRTOS/tasks.o
 .bss.xSchedulerRunning
                0x10004970        0x4 ./Middlewares/Third_Party/FreeRTOS/tasks.o
 .bss.xPendedTicks
                0x10004974        0x4 ./Middlewares/Third_Party/FreeRTOS/tasks.o
 .bss.xYieldPending
                0x10004978        0x4 ./Middlewares/Third_Party/FreeRTOS/tasks.o
 .bss.xNumOfOverflows
                0x1000497c        0x4 ./Middlewares/Third_Party/FreeRTOS/tasks.o
 .bss.uxTaskNumber
                0x10004980        0x4 ./Middlewares/Third_Party/FreeRTOS/tasks.o
 .bss.xNextTaskUnblockTime
                0x10004984        0x4 ./Middlewares/Third_Party/FreeRTOS/tasks.o
 .bss.xIdleTaskHandle
                0x10004988        0x4 ./Middlewares/Third_Party/FreeRTOS/tasks.o
 .bss.uxSchedulerSuspended
                0x1000498c        0x4 ./Middlewares/Third_Party/FreeRTOS/tasks.o
 .bss.xActiveTimerList1
                0x10004990       0x14 ./Middlewares/Third_Party/FreeRTOS/timers.o
 .bss.xActiveTimerList2
                0x100049a4       0x14 ./Middlewares/Third_Party/FreeRTOS/timers.o
 .bss.pxCurrentTimerList
                0x100049b8        0x4 ./Middlewares/Third_Party/FreeRTOS/timers.o
 .bss.pxOverflowTimerList
                0x100049bc        0x4 ./Middlewares/Third_Party/FreeRTOS/timers.o
 .bss.xTimerQueue
                0x100049c0        0x4 ./Middlewares/Third_Party/FreeRTOS/timers.o
 .bss.xTimerTaskHandle
                0x100049c4        0x4 ./Middlewares/Third_Party/FreeRTOS/timers.o
 .bss.xLastTime.2
                0x100049c8        0x4 ./Middlewares/Third_Party/FreeRTOS/timers.o
 .bss.ucStaticTimerQueueStorage.1
                0x100049cc       0xa0 ./Middlewares/Third_Party/FreeRTOS/timers.o
 .bss.xStaticTimerQueue.0
                0x10004a6c       0x50 ./Middlewares/Third_Party/FreeRTOS/timers.o
 .bss.__sf      0x10004abc      0x138 /opt/st/stm32cubeide_1.17.0/plugins/com.st.stm32cube.ide.mcu.externaltools.gnu-tools-for-stm32.12.3.rel1.linux64_1.1.0.202410170702/tools/bin/../lib/gcc/arm-none-eabi/12.3.1/../../../../arm-none-eabi/lib/thumb/v7e-m+fp/hard/libc_nano.a(libc_a-findfp.o)
                0x10004abc                __sf
 .bss.__lock___malloc_recursive_mutex
                0x10004bf4        0x1 /opt/st/stm32cubeide_1.17.0/plugins/com.st.stm32cube.ide.mcu.externaltools.gnu-tools-for-stm32.12.3.rel1.linux64_1.1.0.202410170702/tools/bin/../lib/gcc/arm-none-eabi/12.3.1/../../../../arm-none-eabi/lib/thumb/v7e-m+fp/hard/libc_nano.a(libc_a-lock.o)
                0x10004bf4                __lock___malloc_recursive_mutex
 *fill*         0x10004bf5        0x3 
 .bss.__malloc_free_list
                0x10004bf8        0x4 /opt/st/stm32cubeide_1.17.0/plugins/com.st.stm32cube.ide.mcu.externaltools.gnu-tools-for-stm32.12.3.rel1.linux64_1.1.0.202410170702/tools/bin/../lib/gcc/arm-none-eabi/12.3.1/../../../../arm-none-eabi/lib/thumb/v7e-m+fp/hard/libc_nano.a(libc_a-mallocr.o)
                0x10004bf8                __malloc_free_list
 *(COMMON)
                0x10004bfc                        . = ALIGN (0x4)
                0x10004bfc                        _ebss = .
                0x10004bfc                        __bss_end__ = _ebss

._user_heap_stack
                0x10004bfc      0x604 load address 0x081041e4
                0x10004c00                        . = ALIGN (0x8)
 *fill*         0x10004bfc        0x4 
                [!provide]                        PROVIDE (end = .)
                0x10004c00                        PROVIDE (_end = .)
                0x10004e00                        . = (. + _Min_Heap_Size)
 *fill*         0x10004c00      0x200 
                0x10005200                        . = (. + _Min_Stack_Size)
 *fill*         0x10004e00      0x400 
                0x10005200                        . = ALIGN (0x8)

/DISCARD/
 libc.a(*)
 libm.a(*)
 libgcc.a(*)

.ARM.attributes
                0x00000000       0x30
 *(.ARM.attributes)
 .ARM.attributes
                0x00000000       0x22 /opt/st/stm32cubeide_1.17.0/plugins/com.st.stm32cube.ide.mcu.externaltools.gnu-tools-for-stm32.12.3.rel1.linux64_1.1.0.202410170702/tools/bin/../lib/gcc/arm-none-eabi/12.3.1/thumb/v7e-m+fp/hard/crti.o
 .ARM.attributes
                0x00000022       0x34 /opt/st/stm32cubeide_1.17.0/plugins/com.st.stm32cube.ide.mcu.externaltools.gnu-tools-for-stm32.12.3.rel1.linux64_1.1.0.202410170702/tools/bin/../lib/gcc/arm-none-eabi/12.3.1/thumb/v7e-m+fp/hard/crtbegin.o
 .ARM.attributes
                0x00000056       0x34 ./Common/Src/system_stm32h7xx_dualcore_boot_cm4_cm7.o
 .ARM.attributes
                0x0000008a       0x34 ./Core/Src/main.o
 .ARM.attributes
                0x000000be       0x34 ./Core/Src/stm32h7xx_hal_msp.o
 .ARM.attributes
                0x000000f2       0x34 ./Core/Src/stm32h7xx_hal_timebase_tim.o
 .ARM.attributes
                0x00000126       0x34 ./Core/Src/stm32h7xx_it.o
 .ARM.attributes
                0x0000015a       0x21 ./Core/Startup/startup_stm32h745zitx.o
 .ARM.attributes
                0x0000017b       0x34 ./Drivers/STM32H7xx_HAL_Driver/stm32h7xx_hal.o
 .ARM.attributes
                0x000001af       0x34 ./Drivers/STM32H7xx_HAL_Driver/stm32h7xx_hal_cortex.o
 .ARM.attributes
                0x000001e3       0x34 ./Drivers/STM32H7xx_HAL_Driver/stm32h7xx_hal_hsem.o
 .ARM.attributes
                0x00000217       0x34 ./Drivers/STM32H7xx_HAL_Driver/stm32h7xx_hal_pwr_ex.o
 .ARM.attributes
                0x0000024b       0x34 ./Drivers/STM32H7xx_HAL_Driver/stm32h7xx_hal_rcc.o
 .ARM.attributes
                0x0000027f       0x34 ./Drivers/STM32H7xx_HAL_Driver/stm32h7xx_hal_tim.o
 .ARM.attributes
                0x000002b3       0x34 ./Drivers/STM32H7xx_HAL_Driver/stm32h7xx_hal_tim_ex.o
 .ARM.attributes
                0x000002e7       0x34 ./Middlewares/Third_Party/FreeRTOS/cmsis_os2.o
 .ARM.attributes
                0x0000031b       0x34 ./Middlewares/Third_Party/FreeRTOS/heap_4.o
 .ARM.attributes
                0x0000034f       0x34 ./Middlewares/Third_Party/FreeRTOS/list.o
 .ARM.attributes
                0x00000383       0x34 ./Middlewares/Third_Party/FreeRTOS/port.o
 .ARM.attributes
                0x000003b7       0x34 ./Middlewares/Third_Party/FreeRTOS/queue.o
 .ARM.attributes
                0x000003eb       0x34 ./Middlewares/Third_Party/FreeRTOS/tasks.o
 .ARM.attributes
                0x0000041f       0x34 ./Middlewares/Third_Party/FreeRTOS/timers.o
 .ARM.attributes
                0x00000453       0x34 /opt/st/stm32cubeide_1.17.0/plugins/com.st.stm32cube.ide.mcu.externaltools.gnu-tools-for-stm32.12.3.rel1.linux64_1.1.0.202410170702/tools/bin/../lib/gcc/arm-none-eabi/12.3.1/../../../../arm-none-eabi/lib/thumb/v7e-m+fp/hard/libc_nano.a(libc_a-findfp.o)
 .ARM.attributes
                0x00000487       0x34 /opt/st/stm32cubeide_1.17.0/plugins/com.st.stm32cube.ide.mcu.externaltools.gnu-tools-for-stm32.12.3.rel1.linux64_1.1.0.202410170702/tools/bin/../lib/gcc/arm-none-eabi/12.3.1/../../../../arm-none-eabi/lib/thumb/v7e-m+fp/hard/libc_nano.a(libc_a-memset.o)
 .ARM.attributes
                0x000004bb       0x34 /opt/st/stm32cubeide_1.17.0/plugins/com.st.stm32cube.ide.mcu.externaltools.gnu-tools-for-stm32.12.3.rel1.linux64_1.1.0.202410170702/tools/bin/../lib/gcc/arm-none-eabi/12.3.1/../../../../arm-none-eabi/lib/thumb/v7e-m+fp/hard/libc_nano.a(libc_a-reent.o)
 .ARM.attributes
                0x000004ef       0x34 /opt/st/stm32cubeide_1.17.0/plugins/com.st.stm32cube.ide.mcu.externaltools.gnu-tools-for-stm32.12.3.rel1.linux64_1.1.0.202410170702/tools/bin/../lib/gcc/arm-none-eabi/12.3.1/../../../../arm-none-eabi/lib/thumb/v7e-m+fp/hard/libc_nano.a(libc_a-impure.o)
 .ARM.attributes
                0x00000523       0x34 /opt/st/stm32cubeide_1.17.0/plugins/com.st.stm32cube.ide.mcu.externaltools.gnu-tools-for-stm32.12.3.rel1.linux64_1.1.0.202410170702/tools/bin/../lib/gcc/arm-none-eabi/12.3.1/../../../../arm-none-eabi/lib/thumb/v7e-m+fp/hard/libc_nano.a(libc_a-init.o)
 .ARM.attributes
                0x00000557       0x34 /opt/st/stm32cubeide_1.17.0/plugins/com.st.stm32cube.ide.mcu.externaltools.gnu-tools-for-stm32.12.3.rel1.linux64_1.1.0.202410170702/tools/bin/../lib/gcc/arm-none-eabi/12.3.1/../../../../arm-none-eabi/lib/thumb/v7e-m+fp/hard/libc_nano.a(libc_a-lock.o)
 .ARM.attributes
                0x0000058b       0x34 /opt/st/stm32cubeide_1.17.0/plugins/com.st.stm32cube.ide.mcu.externaltools.gnu-tools-for-stm32.12.3.rel1.linux64_1.1.0.202410170702/tools/bin/../lib/gcc/arm-none-eabi/12.3.1/../../../../arm-none-eabi/lib/thumb/v7e-m+fp/hard/libc_nano.a(libc_a-memcpy-stub.o)
 .ARM.attributes
                0x000005bf       0x34 /opt/st/stm32cubeide_1.17.0/plugins/com.st.stm32cube.ide.mcu.externaltools.gnu-tools-for-stm32.12.3.rel1.linux64_1.1.0.202410170702/tools/bin/../lib/gcc/arm-none-eabi/12.3.1/../../../../arm-none-eabi/lib/thumb/v7e-m+fp/hard/libc_nano.a(libc_a-freer.o)
 .ARM.attributes
                0x000005f3       0x34 /opt/st/stm32cubeide_1.17.0/plugins/com.st.stm32cube.ide.mcu.externaltools.gnu-tools-for-stm32.12.3.rel1.linux64_1.1.0.202410170702/tools/bin/../lib/gcc/arm-none-eabi/12.3.1/../../../../arm-none-eabi/lib/thumb/v7e-m+fp/hard/libc_nano.a(libc_a-mallocr.o)
 .ARM.attributes
                0x00000627       0x34 /opt/st/stm32cubeide_1.17.0/plugins/com.st.stm32cube.ide.mcu.externaltools.gnu-tools-for-stm32.12.3.rel1.linux64_1.1.0.202410170702/tools/bin/../lib/gcc/arm-none-eabi/12.3.1/../../../../arm-none-eabi/lib/thumb/v7e-m+fp/hard/libc_nano.a(libc_a-mlock.o)
 .ARM.attributes
                0x0000065b       0x22 /opt/st/stm32cubeide_1.17.0/plugins/com.st.stm32cube.ide.mcu.externaltools.gnu-tools-for-stm32.12.3.rel1.linux64_1.1.0.202410170702/tools/bin/../lib/gcc/arm-none-eabi/12.3.1/thumb/v7e-m+fp/hard/crtn.o
OUTPUT(JO1_Embedded_CM4.elf elf32-littlearm)
LOAD linker stubs
LOAD /opt/st/stm32cubeide_1.17.0/plugins/com.st.stm32cube.ide.mcu.externaltools.gnu-tools-for-stm32.12.3.rel1.linux64_1.1.0.202410170702/tools/bin/../lib/gcc/arm-none-eabi/12.3.1/../../../../arm-none-eabi/lib/thumb/v7e-m+fp/hard/libc.a
LOAD /opt/st/stm32cubeide_1.17.0/plugins/com.st.stm32cube.ide.mcu.externaltools.gnu-tools-for-stm32.12.3.rel1.linux64_1.1.0.202410170702/tools/bin/../lib/gcc/arm-none-eabi/12.3.1/../../../../arm-none-eabi/lib/thumb/v7e-m+fp/hard/libm.a
LOAD /opt/st/stm32cubeide_1.17.0/plugins/com.st.stm32cube.ide.mcu.externaltools.gnu-tools-for-stm32.12.3.rel1.linux64_1.1.0.202410170702/tools/bin/../lib/gcc/arm-none-eabi/12.3.1/thumb/v7e-m+fp/hard/libgcc.a

.debug_info     0x00000000    0x18364
 .debug_info    0x00000000      0x761 ./Common/Src/system_stm32h7xx_dualcore_boot_cm4_cm7.o
 .debug_info    0x00000761     0x1608 ./Core/Src/main.o
 .debug_info    0x00001d69     0x1290 ./Core/Src/stm32h7xx_hal_msp.o
 .debug_info    0x00002ff9     0x10c7 ./Core/Src/stm32h7xx_hal_timebase_tim.o
 .debug_info    0x000040c0      0x7e6 ./Core/Src/stm32h7xx_it.o
 .debug_info    0x000048a6       0x30 ./Core/Startup/startup_stm32h745zitx.o
 .debug_info    0x000048d6     0x17b0 ./Drivers/STM32H7xx_HAL_Driver/stm32h7xx_hal.o
 .debug_info    0x00006086      0xedb ./Drivers/STM32H7xx_HAL_Driver/stm32h7xx_hal_cortex.o
 .debug_info    0x00006f61      0x3d3 ./Drivers/STM32H7xx_HAL_Driver/stm32h7xx_hal_hsem.o
 .debug_info    0x00007334     0x1026 ./Drivers/STM32H7xx_HAL_Driver/stm32h7xx_hal_pwr_ex.o
 .debug_info    0x0000835a      0xe77 ./Drivers/STM32H7xx_HAL_Driver/stm32h7xx_hal_rcc.o
 .debug_info    0x000091d1     0x2b59 ./Drivers/STM32H7xx_HAL_Driver/stm32h7xx_hal_tim.o
 .debug_info    0x0000bd2a     0x17b9 ./Drivers/STM32H7xx_HAL_Driver/stm32h7xx_hal_tim_ex.o
 .debug_info    0x0000d4e3     0x4295 ./Middlewares/Third_Party/FreeRTOS/cmsis_os2.o
 .debug_info    0x00011778      0x4d5 ./Middlewares/Third_Party/FreeRTOS/heap_4.o
 .debug_info    0x00011c4d      0x2af ./Middlewares/Third_Party/FreeRTOS/list.o
 .debug_info    0x00011efc      0x4de ./Middlewares/Third_Party/FreeRTOS/port.o
 .debug_info    0x000123da     0x1b79 ./Middlewares/Third_Party/FreeRTOS/queue.o
 .debug_info    0x00013f53     0x28c1 ./Middlewares/Third_Party/FreeRTOS/tasks.o
 .debug_info    0x00016814     0x1b50 ./Middlewares/Third_Party/FreeRTOS/timers.o

.debug_abbrev   0x00000000     0x319f
 .debug_abbrev  0x00000000      0x138 ./Common/Src/system_stm32h7xx_dualcore_boot_cm4_cm7.o
 .debug_abbrev  0x00000138      0x2c1 ./Core/Src/main.o
 .debug_abbrev  0x000003f9      0x1f4 ./Core/Src/stm32h7xx_hal_msp.o
 .debug_abbrev  0x000005ed      0x212 ./Core/Src/stm32h7xx_hal_timebase_tim.o
 .debug_abbrev  0x000007ff      0x17b ./Core/Src/stm32h7xx_it.o
 .debug_abbrev  0x0000097a       0x24 ./Core/Startup/startup_stm32h745zitx.o
 .debug_abbrev  0x0000099e      0x29f ./Drivers/STM32H7xx_HAL_Driver/stm32h7xx_hal.o
 .debug_abbrev  0x00000c3d      0x337 ./Drivers/STM32H7xx_HAL_Driver/stm32h7xx_hal_cortex.o
 .debug_abbrev  0x00000f74      0x1d3 ./Drivers/STM32H7xx_HAL_Driver/stm32h7xx_hal_hsem.o
 .debug_abbrev  0x00001147      0x2d6 ./Drivers/STM32H7xx_HAL_Driver/stm32h7xx_hal_pwr_ex.o
 .debug_abbrev  0x0000141d      0x2c7 ./Drivers/STM32H7xx_HAL_Driver/stm32h7xx_hal_rcc.o
 .debug_abbrev  0x000016e4      0x26f ./Drivers/STM32H7xx_HAL_Driver/stm32h7xx_hal_tim.o
 .debug_abbrev  0x00001953      0x27a ./Drivers/STM32H7xx_HAL_Driver/stm32h7xx_hal_tim_ex.o
 .debug_abbrev  0x00001bcd      0x548 ./Middlewares/Third_Party/FreeRTOS/cmsis_os2.o
 .debug_abbrev  0x00002115      0x21d ./Middlewares/Third_Party/FreeRTOS/heap_4.o
 .debug_abbrev  0x00002332       0xf5 ./Middlewares/Third_Party/FreeRTOS/list.o
 .debug_abbrev  0x00002427      0x25c ./Middlewares/Third_Party/FreeRTOS/port.o
 .debug_abbrev  0x00002683      0x3b6 ./Middlewares/Third_Party/FreeRTOS/queue.o
 .debug_abbrev  0x00002a39      0x3fe ./Middlewares/Third_Party/FreeRTOS/tasks.o
 .debug_abbrev  0x00002e37      0x368 ./Middlewares/Third_Party/FreeRTOS/timers.o

.debug_aranges  0x00000000     0x1448
 .debug_aranges
                0x00000000       0x28 ./Common/Src/system_stm32h7xx_dualcore_boot_cm4_cm7.o
 .debug_aranges
                0x00000028       0x40 ./Core/Src/main.o
 .debug_aranges
                0x00000068       0x30 ./Core/Src/stm32h7xx_hal_msp.o
 .debug_aranges
                0x00000098       0x30 ./Core/Src/stm32h7xx_hal_timebase_tim.o
 .debug_aranges
                0x000000c8       0x50 ./Core/Src/stm32h7xx_it.o
 .debug_aranges
                0x00000118       0x28 ./Core/Startup/startup_stm32h745zitx.o
 .debug_aranges
                0x00000140      0x200 ./Drivers/STM32H7xx_HAL_Driver/stm32h7xx_hal.o
 .debug_aranges
                0x00000340      0x120 ./Drivers/STM32H7xx_HAL_Driver/stm32h7xx_hal_cortex.o
 .debug_aranges
                0x00000460       0x70 ./Drivers/STM32H7xx_HAL_Driver/stm32h7xx_hal_hsem.o
 .debug_aranges
                0x000004d0      0x170 ./Drivers/STM32H7xx_HAL_Driver/stm32h7xx_hal_pwr_ex.o
 .debug_aranges
                0x00000640       0x88 ./Drivers/STM32H7xx_HAL_Driver/stm32h7xx_hal_rcc.o
 .debug_aranges
                0x000006c8      0x3e0 ./Drivers/STM32H7xx_HAL_Driver/stm32h7xx_hal_tim.o
 .debug_aranges
                0x00000aa8      0x188 ./Drivers/STM32H7xx_HAL_Driver/stm32h7xx_hal_tim_ex.o
 .debug_aranges
                0x00000c30      0x2b0 ./Middlewares/Third_Party/FreeRTOS/cmsis_os2.o
 .debug_aranges
                0x00000ee0       0x58 ./Middlewares/Third_Party/FreeRTOS/heap_4.o
 .debug_aranges
                0x00000f38       0x40 ./Middlewares/Third_Party/FreeRTOS/list.o
 .debug_aranges
                0x00000f78       0x80 ./Middlewares/Third_Party/FreeRTOS/port.o
 .debug_aranges
                0x00000ff8      0x158 ./Middlewares/Third_Party/FreeRTOS/queue.o
 .debug_aranges
                0x00001150      0x208 ./Middlewares/Third_Party/FreeRTOS/tasks.o
 .debug_aranges
                0x00001358       0xf0 ./Middlewares/Third_Party/FreeRTOS/timers.o

.debug_rnglists
                0x00000000      0xf9d
 .debug_rnglists
                0x00000000       0x1a ./Common/Src/system_stm32h7xx_dualcore_boot_cm4_cm7.o
 .debug_rnglists
                0x0000001a       0x2d ./Core/Src/main.o
 .debug_rnglists
                0x00000047       0x1f ./Core/Src/stm32h7xx_hal_msp.o
 .debug_rnglists
                0x00000066       0x20 ./Core/Src/stm32h7xx_hal_timebase_tim.o
 .debug_rnglists
                0x00000086       0x37 ./Core/Src/stm32h7xx_it.o
 .debug_rnglists
                0x000000bd       0x19 ./Core/Startup/startup_stm32h745zitx.o
 .debug_rnglists
                0x000000d6      0x181 ./Drivers/STM32H7xx_HAL_Driver/stm32h7xx_hal.o
 .debug_rnglists
                0x00000257       0xd4 ./Drivers/STM32H7xx_HAL_Driver/stm32h7xx_hal_cortex.o
 .debug_rnglists
                0x0000032b       0x4f ./Drivers/STM32H7xx_HAL_Driver/stm32h7xx_hal_hsem.o
 .debug_rnglists
                0x0000037a      0x117 ./Drivers/STM32H7xx_HAL_Driver/stm32h7xx_hal_pwr_ex.o
 .debug_rnglists
                0x00000491       0x68 ./Drivers/STM32H7xx_HAL_Driver/stm32h7xx_hal_rcc.o
 .debug_rnglists
                0x000004f9      0x328 ./Drivers/STM32H7xx_HAL_Driver/stm32h7xx_hal_tim.o
 .debug_rnglists
                0x00000821      0x13f ./Drivers/STM32H7xx_HAL_Driver/stm32h7xx_hal_tim_ex.o
 .debug_rnglists
                0x00000960      0x212 ./Middlewares/Third_Party/FreeRTOS/cmsis_os2.o
 .debug_rnglists
                0x00000b72       0x42 ./Middlewares/Third_Party/FreeRTOS/heap_4.o
 .debug_rnglists
                0x00000bb4       0x2b ./Middlewares/Third_Party/FreeRTOS/list.o
 .debug_rnglists
                0x00000bdf       0x5d ./Middlewares/Third_Party/FreeRTOS/port.o
 .debug_rnglists
                0x00000c3c      0x109 ./Middlewares/Third_Party/FreeRTOS/queue.o
 .debug_rnglists
                0x00000d45      0x1a0 ./Middlewares/Third_Party/FreeRTOS/tasks.o
 .debug_rnglists
                0x00000ee5       0xb8 ./Middlewares/Third_Party/FreeRTOS/timers.o

.debug_macro    0x00000000    0x3a675
 .debug_macro   0x00000000      0x2aa ./Common/Src/system_stm32h7xx_dualcore_boot_cm4_cm7.o
 .debug_macro   0x000002aa      0xaba ./Common/Src/system_stm32h7xx_dualcore_boot_cm4_cm7.o
 .debug_macro   0x00000d64       0x2e ./Common/Src/system_stm32h7xx_dualcore_boot_cm4_cm7.o
 .debug_macro   0x00000d92       0x3b ./Common/Src/system_stm32h7xx_dualcore_boot_cm4_cm7.o
 .debug_macro   0x00000dcd       0x22 ./Common/Src/system_stm32h7xx_dualcore_boot_cm4_cm7.o
 .debug_macro   0x00000def       0x8e ./Common/Src/system_stm32h7xx_dualcore_boot_cm4_cm7.o
 .debug_macro   0x00000e7d       0x51 ./Common/Src/system_stm32h7xx_dualcore_boot_cm4_cm7.o
 .debug_macro   0x00000ece      0x103 ./Common/Src/system_stm32h7xx_dualcore_boot_cm4_cm7.o
 .debug_macro   0x00000fd1       0x6a ./Common/Src/system_stm32h7xx_dualcore_boot_cm4_cm7.o
 .debug_macro   0x0000103b      0x1df ./Common/Src/system_stm32h7xx_dualcore_boot_cm4_cm7.o
 .debug_macro   0x0000121a       0x1c ./Common/Src/system_stm32h7xx_dualcore_boot_cm4_cm7.o
 .debug_macro   0x00001236       0x22 ./Common/Src/system_stm32h7xx_dualcore_boot_cm4_cm7.o
 .debug_macro   0x00001258       0xfb ./Common/Src/system_stm32h7xx_dualcore_boot_cm4_cm7.o
 .debug_macro   0x00001353     0x1011 ./Common/Src/system_stm32h7xx_dualcore_boot_cm4_cm7.o
 .debug_macro   0x00002364      0x11f ./Common/Src/system_stm32h7xx_dualcore_boot_cm4_cm7.o
 .debug_macro   0x00002483    0x26d3b ./Common/Src/system_stm32h7xx_dualcore_boot_cm4_cm7.o
 .debug_macro   0x000291be       0x6d ./Common/Src/system_stm32h7xx_dualcore_boot_cm4_cm7.o
 .debug_macro   0x0002922b      0x238 ./Common/Src/system_stm32h7xx_dualcore_boot_cm4_cm7.o
 .debug_macro   0x00029463     0x3d22 ./Common/Src/system_stm32h7xx_dualcore_boot_cm4_cm7.o
 .debug_macro   0x0002d185      0x189 ./Common/Src/system_stm32h7xx_dualcore_boot_cm4_cm7.o
 .debug_macro   0x0002d30e       0x61 ./Common/Src/system_stm32h7xx_dualcore_boot_cm4_cm7.o
 .debug_macro   0x0002d36f       0x2a ./Common/Src/system_stm32h7xx_dualcore_boot_cm4_cm7.o
 .debug_macro   0x0002d399       0x43 ./Common/Src/system_stm32h7xx_dualcore_boot_cm4_cm7.o
 .debug_macro   0x0002d3dc       0x34 ./Common/Src/system_stm32h7xx_dualcore_boot_cm4_cm7.o
 .debug_macro   0x0002d410       0x16 ./Common/Src/system_stm32h7xx_dualcore_boot_cm4_cm7.o
 .debug_macro   0x0002d426       0x43 ./Common/Src/system_stm32h7xx_dualcore_boot_cm4_cm7.o
 .debug_macro   0x0002d469       0x34 ./Common/Src/system_stm32h7xx_dualcore_boot_cm4_cm7.o
 .debug_macro   0x0002d49d       0x10 ./Common/Src/system_stm32h7xx_dualcore_boot_cm4_cm7.o
 .debug_macro   0x0002d4ad       0x58 ./Common/Src/system_stm32h7xx_dualcore_boot_cm4_cm7.o
 .debug_macro   0x0002d505       0x8e ./Common/Src/system_stm32h7xx_dualcore_boot_cm4_cm7.o
 .debug_macro   0x0002d593       0x1c ./Common/Src/system_stm32h7xx_dualcore_boot_cm4_cm7.o
 .debug_macro   0x0002d5af      0x177 ./Common/Src/system_stm32h7xx_dualcore_boot_cm4_cm7.o
 .debug_macro   0x0002d726      0x369 ./Common/Src/system_stm32h7xx_dualcore_boot_cm4_cm7.o
 .debug_macro   0x0002da8f      0x19b ./Common/Src/system_stm32h7xx_dualcore_boot_cm4_cm7.o
 .debug_macro   0x0002dc2a       0x5d ./Common/Src/system_stm32h7xx_dualcore_boot_cm4_cm7.o
 .debug_macro   0x0002dc87     0x3a9d ./Common/Src/system_stm32h7xx_dualcore_boot_cm4_cm7.o
 .debug_macro   0x00031724     0x1048 ./Common/Src/system_stm32h7xx_dualcore_boot_cm4_cm7.o
 .debug_macro   0x0003276c      0x14d ./Common/Src/system_stm32h7xx_dualcore_boot_cm4_cm7.o
 .debug_macro   0x000328b9      0x130 ./Common/Src/system_stm32h7xx_dualcore_boot_cm4_cm7.o
 .debug_macro   0x000329e9      0x3be ./Common/Src/system_stm32h7xx_dualcore_boot_cm4_cm7.o
 .debug_macro   0x00032da7       0xac ./Common/Src/system_stm32h7xx_dualcore_boot_cm4_cm7.o
 .debug_macro   0x00032e53      0x72d ./Common/Src/system_stm32h7xx_dualcore_boot_cm4_cm7.o
 .debug_macro   0x00033580      0x228 ./Common/Src/system_stm32h7xx_dualcore_boot_cm4_cm7.o
 .debug_macro   0x000337a8       0x66 ./Common/Src/system_stm32h7xx_dualcore_boot_cm4_cm7.o
 .debug_macro   0x0003380e      0x3bb ./Common/Src/system_stm32h7xx_dualcore_boot_cm4_cm7.o
 .debug_macro   0x00033bc9      0x407 ./Common/Src/system_stm32h7xx_dualcore_boot_cm4_cm7.o
 .debug_macro   0x00033fd0      0x244 ./Common/Src/system_stm32h7xx_dualcore_boot_cm4_cm7.o
 .debug_macro   0x00034214      0x3ca ./Common/Src/system_stm32h7xx_dualcore_boot_cm4_cm7.o
 .debug_macro   0x000345de      0x4a2 ./Common/Src/system_stm32h7xx_dualcore_boot_cm4_cm7.o
 .debug_macro   0x00034a80       0x51 ./Common/Src/system_stm32h7xx_dualcore_boot_cm4_cm7.o
 .debug_macro   0x00034ad1       0x4a ./Common/Src/system_stm32h7xx_dualcore_boot_cm4_cm7.o
 .debug_macro   0x00034b1b      0x22c ./Common/Src/system_stm32h7xx_dualcore_boot_cm4_cm7.o
 .debug_macro   0x00034d47       0x67 ./Common/Src/system_stm32h7xx_dualcore_boot_cm4_cm7.o
 .debug_macro   0x00034dae       0xa5 ./Common/Src/system_stm32h7xx_dualcore_boot_cm4_cm7.o
 .debug_macro   0x00034e53      0x218 ./Common/Src/system_stm32h7xx_dualcore_boot_cm4_cm7.o
 .debug_macro   0x0003506b      0x2ea ./Common/Src/system_stm32h7xx_dualcore_boot_cm4_cm7.o
 .debug_macro   0x00035355       0x35 ./Common/Src/system_stm32h7xx_dualcore_boot_cm4_cm7.o
 .debug_macro   0x0003538a      0xaec ./Common/Src/system_stm32h7xx_dualcore_boot_cm4_cm7.o
 .debug_macro   0x00035e76      0x29f ./Common/Src/system_stm32h7xx_dualcore_boot_cm4_cm7.o
 .debug_macro   0x00036115      0x67e ./Common/Src/system_stm32h7xx_dualcore_boot_cm4_cm7.o
 .debug_macro   0x00036793       0xa6 ./Common/Src/system_stm32h7xx_dualcore_boot_cm4_cm7.o
 .debug_macro   0x00036839      0x798 ./Common/Src/system_stm32h7xx_dualcore_boot_cm4_cm7.o
 .debug_macro   0x00036fd1      0x361 ./Core/Src/main.o
 .debug_macro   0x00037332      0x16f ./Core/Src/main.o
 .debug_macro   0x000374a1       0x16 ./Core/Src/main.o
 .debug_macro   0x000374b7       0x66 ./Core/Src/main.o
 .debug_macro   0x0003751d       0x74 ./Core/Src/main.o
 .debug_macro   0x00037591       0xdd ./Core/Src/main.o
 .debug_macro   0x0003766e      0x2b9 ./Core/Src/stm32h7xx_hal_msp.o
 .debug_macro   0x00037927      0x2aa ./Core/Src/stm32h7xx_hal_timebase_tim.o
 .debug_macro   0x00037bd1      0x2c3 ./Core/Src/stm32h7xx_it.o
 .debug_macro   0x00037e94      0x2d4 ./Drivers/STM32H7xx_HAL_Driver/stm32h7xx_hal.o
 .debug_macro   0x00038168      0x2aa ./Drivers/STM32H7xx_HAL_Driver/stm32h7xx_hal_cortex.o
 .debug_macro   0x00038412      0x2bc ./Drivers/STM32H7xx_HAL_Driver/stm32h7xx_hal_hsem.o
 .debug_macro   0x000386ce      0x2e3 ./Drivers/STM32H7xx_HAL_Driver/stm32h7xx_hal_pwr_ex.o
 .debug_macro   0x000389b1      0x2ce ./Drivers/STM32H7xx_HAL_Driver/stm32h7xx_hal_rcc.o
 .debug_macro   0x00038c7f      0x2ab ./Drivers/STM32H7xx_HAL_Driver/stm32h7xx_hal_tim.o
 .debug_macro   0x00038f2a      0x2aa ./Drivers/STM32H7xx_HAL_Driver/stm32h7xx_hal_tim_ex.o
 .debug_macro   0x000391d4      0x41b ./Middlewares/Third_Party/FreeRTOS/cmsis_os2.o
 .debug_macro   0x000395ef       0x10 ./Middlewares/Third_Party/FreeRTOS/cmsis_os2.o
 .debug_macro   0x000395ff       0x20 ./Middlewares/Third_Party/FreeRTOS/cmsis_os2.o
 .debug_macro   0x0003961f       0x10 ./Middlewares/Third_Party/FreeRTOS/cmsis_os2.o
 .debug_macro   0x0003962f       0xf5 ./Middlewares/Third_Party/FreeRTOS/cmsis_os2.o
 .debug_macro   0x00039724       0x91 ./Middlewares/Third_Party/FreeRTOS/cmsis_os2.o
 .debug_macro   0x000397b5       0x8d ./Middlewares/Third_Party/FreeRTOS/cmsis_os2.o
 .debug_macro   0x00039842       0x9a ./Middlewares/Third_Party/FreeRTOS/cmsis_os2.o
 .debug_macro   0x000398dc       0x22 ./Middlewares/Third_Party/FreeRTOS/cmsis_os2.o
 .debug_macro   0x000398fe      0x1c0 ./Middlewares/Third_Party/FreeRTOS/heap_4.o
 .debug_macro   0x00039abe      0x199 ./Middlewares/Third_Party/FreeRTOS/list.o
 .debug_macro   0x00039c57      0x233 ./Middlewares/Third_Party/FreeRTOS/port.o
 .debug_macro   0x00039e8a      0x228 ./Middlewares/Third_Party/FreeRTOS/queue.o
 .debug_macro   0x0003a0b2       0x16 ./Middlewares/Third_Party/FreeRTOS/queue.o
 .debug_macro   0x0003a0c8       0x87 ./Middlewares/Third_Party/FreeRTOS/queue.o
 .debug_macro   0x0003a14f      0x291 ./Middlewares/Third_Party/FreeRTOS/tasks.o
 .debug_macro   0x0003a3e0       0x10 ./Middlewares/Third_Party/FreeRTOS/tasks.o
 .debug_macro   0x0003a3f0      0x1ee ./Middlewares/Third_Party/FreeRTOS/timers.o
 .debug_macro   0x0003a5de       0x97 ./Middlewares/Third_Party/FreeRTOS/timers.o

.debug_line     0x00000000    0x1547b
 .debug_line    0x00000000      0x9a5 ./Common/Src/system_stm32h7xx_dualcore_boot_cm4_cm7.o
 .debug_line    0x000009a5      0xa58 ./Core/Src/main.o
 .debug_line    0x000013fd      0x867 ./Core/Src/stm32h7xx_hal_msp.o
 .debug_line    0x00001c64      0x88f ./Core/Src/stm32h7xx_hal_timebase_tim.o
 .debug_line    0x000024f3      0x8b8 ./Core/Src/stm32h7xx_it.o
 .debug_line    0x00002dab       0x7a ./Core/Startup/startup_stm32h745zitx.o
 .debug_line    0x00002e25      0xf63 ./Drivers/STM32H7xx_HAL_Driver/stm32h7xx_hal.o
 .debug_line    0x00003d88      0xe12 ./Drivers/STM32H7xx_HAL_Driver/stm32h7xx_hal_cortex.o
 .debug_line    0x00004b9a      0x9c9 ./Drivers/STM32H7xx_HAL_Driver/stm32h7xx_hal_hsem.o
 .debug_line    0x00005563     0x102b ./Drivers/STM32H7xx_HAL_Driver/stm32h7xx_hal_pwr_ex.o
 .debug_line    0x0000658e     0x136f ./Drivers/STM32H7xx_HAL_Driver/stm32h7xx_hal_rcc.o
 .debug_line    0x000078fd     0x3ee4 ./Drivers/STM32H7xx_HAL_Driver/stm32h7xx_hal_tim.o
 .debug_line    0x0000b7e1     0x1da4 ./Drivers/STM32H7xx_HAL_Driver/stm32h7xx_hal_tim_ex.o
 .debug_line    0x0000d585     0x2380 ./Middlewares/Third_Party/FreeRTOS/cmsis_os2.o
 .debug_line    0x0000f905      0x932 ./Middlewares/Third_Party/FreeRTOS/heap_4.o
 .debug_line    0x00010237      0x707 ./Middlewares/Third_Party/FreeRTOS/list.o
 .debug_line    0x0001093e      0x911 ./Middlewares/Third_Party/FreeRTOS/port.o
 .debug_line    0x0001124f     0x16d1 ./Middlewares/Third_Party/FreeRTOS/queue.o
 .debug_line    0x00012920     0x1dcc ./Middlewares/Third_Party/FreeRTOS/tasks.o
 .debug_line    0x000146ec      0xd8f ./Middlewares/Third_Party/FreeRTOS/timers.o

.debug_str      0x00000000   0x18b9a9
 .debug_str     0x00000000   0x17c257 ./Common/Src/system_stm32h7xx_dualcore_boot_cm4_cm7.o
                             0x17c6b0 (size before relaxing)
 .debug_str     0x0017c257     0x5864 ./Core/Src/main.o
                             0x181f40 (size before relaxing)
 .debug_str     0x00181abb      0xb7e ./Core/Src/stm32h7xx_hal_msp.o
                             0x17d79b (size before relaxing)
 .debug_str     0x00182639      0x19c ./Core/Src/stm32h7xx_hal_timebase_tim.o
                             0x17d5c0 (size before relaxing)
 .debug_str     0x001827d5       0xb5 ./Core/Src/stm32h7xx_it.o
                             0x17ca79 (size before relaxing)
 .debug_str     0x0018288a       0x44 ./Core/Startup/startup_stm32h745zitx.o
                                 0x86 (size before relaxing)
 .debug_str     0x001828ce      0xa5f ./Drivers/STM32H7xx_HAL_Driver/stm32h7xx_hal.o
                             0x17da17 (size before relaxing)
 .debug_str     0x0018332d      0x371 ./Drivers/STM32H7xx_HAL_Driver/stm32h7xx_hal_cortex.o
                             0x17d165 (size before relaxing)
 .debug_str     0x0018369e      0x1d8 ./Drivers/STM32H7xx_HAL_Driver/stm32h7xx_hal_hsem.o
                             0x17c590 (size before relaxing)
 .debug_str     0x00183876      0x6d0 ./Drivers/STM32H7xx_HAL_Driver/stm32h7xx_hal_pwr_ex.o
                             0x17cd5b (size before relaxing)
 .debug_str     0x00183f46      0x4f4 ./Drivers/STM32H7xx_HAL_Driver/stm32h7xx_hal_rcc.o
                             0x17cc86 (size before relaxing)
 .debug_str     0x0018443a      0xecc ./Drivers/STM32H7xx_HAL_Driver/stm32h7xx_hal_tim.o
                             0x17da02 (size before relaxing)
 .debug_str     0x00185306      0x64a ./Drivers/STM32H7xx_HAL_Driver/stm32h7xx_hal_tim_ex.o
                             0x17d33a (size before relaxing)
 .debug_str     0x00185950     0x33a4 ./Middlewares/Third_Party/FreeRTOS/cmsis_os2.o
                             0x184723 (size before relaxing)
 .debug_str     0x00188cf4      0x4aa ./Middlewares/Third_Party/FreeRTOS/heap_4.o
                               0xb48a (size before relaxing)
 .debug_str     0x0018919e      0x157 ./Middlewares/Third_Party/FreeRTOS/list.o
                               0xab48 (size before relaxing)
 .debug_str     0x001892f5      0x853 ./Middlewares/Third_Party/FreeRTOS/port.o
                               0xa2fe (size before relaxing)
 .debug_str     0x00189b48      0x84d ./Middlewares/Third_Party/FreeRTOS/queue.o
                               0xc688 (size before relaxing)
 .debug_str     0x0018a395     0x1039 ./Middlewares/Third_Party/FreeRTOS/tasks.o
                               0xd48d (size before relaxing)
 .debug_str     0x0018b3ce      0x5db ./Middlewares/Third_Party/FreeRTOS/timers.o
                               0xced9 (size before relaxing)

.comment        0x00000000       0x43
 .comment       0x00000000       0x43 ./Common/Src/system_stm32h7xx_dualcore_boot_cm4_cm7.o
                                 0x44 (size before relaxing)
 .comment       0x00000043       0x44 ./Core/Src/main.o
 .comment       0x00000043       0x44 ./Core/Src/stm32h7xx_hal_msp.o
 .comment       0x00000043       0x44 ./Core/Src/stm32h7xx_hal_timebase_tim.o
 .comment       0x00000043       0x44 ./Core/Src/stm32h7xx_it.o
 .comment       0x00000043       0x44 ./Drivers/STM32H7xx_HAL_Driver/stm32h7xx_hal.o
 .comment       0x00000043       0x44 ./Drivers/STM32H7xx_HAL_Driver/stm32h7xx_hal_cortex.o
 .comment       0x00000043       0x44 ./Drivers/STM32H7xx_HAL_Driver/stm32h7xx_hal_hsem.o
 .comment       0x00000043       0x44 ./Drivers/STM32H7xx_HAL_Driver/stm32h7xx_hal_pwr_ex.o
 .comment       0x00000043       0x44 ./Drivers/STM32H7xx_HAL_Driver/stm32h7xx_hal_rcc.o
 .comment       0x00000043       0x44 ./Drivers/STM32H7xx_HAL_Driver/stm32h7xx_hal_tim.o
 .comment       0x00000043       0x44 ./Drivers/STM32H7xx_HAL_Driver/stm32h7xx_hal_tim_ex.o
 .comment       0x00000043       0x44 ./Middlewares/Third_Party/FreeRTOS/cmsis_os2.o
 .comment       0x00000043       0x44 ./Middlewares/Third_Party/FreeRTOS/heap_4.o
 .comment       0x00000043       0x44 ./Middlewares/Third_Party/FreeRTOS/list.o
 .comment       0x00000043       0x44 ./Middlewares/Third_Party/FreeRTOS/port.o
 .comment       0x00000043       0x44 ./Middlewares/Third_Party/FreeRTOS/queue.o
 .comment       0x00000043       0x44 ./Middlewares/Third_Party/FreeRTOS/tasks.o
 .comment       0x00000043       0x44 ./Middlewares/Third_Party/FreeRTOS/timers.o

.debug_frame    0x00000000     0x5810
 .debug_frame   0x00000000       0x58 ./Common/Src/system_stm32h7xx_dualcore_boot_cm4_cm7.o
 .debug_frame   0x00000058       0xa8 ./Core/Src/main.o
 .debug_frame   0x00000100       0x80 ./Core/Src/stm32h7xx_hal_msp.o
 .debug_frame   0x00000180       0x74 ./Core/Src/stm32h7xx_hal_timebase_tim.o
 .debug_frame   0x000001f4       0xc4 ./Core/Src/stm32h7xx_it.o
 .debug_frame   0x000002b8      0x848 ./Drivers/STM32H7xx_HAL_Driver/stm32h7xx_hal.o
 .debug_frame   0x00000b00      0x4b8 ./Drivers/STM32H7xx_HAL_Driver/stm32h7xx_hal_cortex.o
 .debug_frame   0x00000fb8      0x1bc ./Drivers/STM32H7xx_HAL_Driver/stm32h7xx_hal_hsem.o
 .debug_frame   0x00001174      0x5ec ./Drivers/STM32H7xx_HAL_Driver/stm32h7xx_hal_pwr_ex.o
 .debug_frame   0x00001760      0x1f8 ./Drivers/STM32H7xx_HAL_Driver/stm32h7xx_hal_rcc.o
 .debug_frame   0x00001958     0x121c ./Drivers/STM32H7xx_HAL_Driver/stm32h7xx_hal_tim.o
 .debug_frame   0x00002b74      0x6d8 ./Drivers/STM32H7xx_HAL_Driver/stm32h7xx_hal_tim_ex.o
 .debug_frame   0x0000324c      0xbe4 ./Middlewares/Third_Party/FreeRTOS/cmsis_os2.o
 .debug_frame   0x00003e30      0x12c ./Middlewares/Third_Party/FreeRTOS/heap_4.o
 .debug_frame   0x00003f5c       0xd8 ./Middlewares/Third_Party/FreeRTOS/list.o
 .debug_frame   0x00004034      0x1a8 ./Middlewares/Third_Party/FreeRTOS/port.o
 .debug_frame   0x000041dc      0x5ec ./Middlewares/Third_Party/FreeRTOS/queue.o
 .debug_frame   0x000047c8      0x8f0 ./Middlewares/Third_Party/FreeRTOS/tasks.o
 .debug_frame   0x000050b8      0x400 ./Middlewares/Third_Party/FreeRTOS/timers.o
 .debug_frame   0x000054b8      0x144 /opt/st/stm32cubeide_1.17.0/plugins/com.st.stm32cube.ide.mcu.externaltools.gnu-tools-for-stm32.12.3.rel1.linux64_1.1.0.202410170702/tools/bin/../lib/gcc/arm-none-eabi/12.3.1/../../../../arm-none-eabi/lib/thumb/v7e-m+fp/hard/libc_nano.a(libc_a-findfp.o)
 .debug_frame   0x000055fc       0x20 /opt/st/stm32cubeide_1.17.0/plugins/com.st.stm32cube.ide.mcu.externaltools.gnu-tools-for-stm32.12.3.rel1.linux64_1.1.0.202410170702/tools/bin/../lib/gcc/arm-none-eabi/12.3.1/../../../../arm-none-eabi/lib/thumb/v7e-m+fp/hard/libc_nano.a(libc_a-memset.o)
 .debug_frame   0x0000561c       0x38 /opt/st/stm32cubeide_1.17.0/plugins/com.st.stm32cube.ide.mcu.externaltools.gnu-tools-for-stm32.12.3.rel1.linux64_1.1.0.202410170702/tools/bin/../lib/gcc/arm-none-eabi/12.3.1/../../../../arm-none-eabi/lib/thumb/v7e-m+fp/hard/libc_nano.a(libc_a-reent.o)
 .debug_frame   0x00005654       0x2c /opt/st/stm32cubeide_1.17.0/plugins/com.st.stm32cube.ide.mcu.externaltools.gnu-tools-for-stm32.12.3.rel1.linux64_1.1.0.202410170702/tools/bin/../lib/gcc/arm-none-eabi/12.3.1/../../../../arm-none-eabi/lib/thumb/v7e-m+fp/hard/libc_nano.a(libc_a-init.o)
 .debug_frame   0x00005680       0xb0 /opt/st/stm32cubeide_1.17.0/plugins/com.st.stm32cube.ide.mcu.externaltools.gnu-tools-for-stm32.12.3.rel1.linux64_1.1.0.202410170702/tools/bin/../lib/gcc/arm-none-eabi/12.3.1/../../../../arm-none-eabi/lib/thumb/v7e-m+fp/hard/libc_nano.a(libc_a-lock.o)
 .debug_frame   0x00005730       0x28 /opt/st/stm32cubeide_1.17.0/plugins/com.st.stm32cube.ide.mcu.externaltools.gnu-tools-for-stm32.12.3.rel1.linux64_1.1.0.202410170702/tools/bin/../lib/gcc/arm-none-eabi/12.3.1/../../../../arm-none-eabi/lib/thumb/v7e-m+fp/hard/libc_nano.a(libc_a-memcpy-stub.o)
 .debug_frame   0x00005758       0x38 /opt/st/stm32cubeide_1.17.0/plugins/com.st.stm32cube.ide.mcu.externaltools.gnu-tools-for-stm32.12.3.rel1.linux64_1.1.0.202410170702/tools/bin/../lib/gcc/arm-none-eabi/12.3.1/../../../../arm-none-eabi/lib/thumb/v7e-m+fp/hard/libc_nano.a(libc_a-freer.o)
 .debug_frame   0x00005790       0x50 /opt/st/stm32cubeide_1.17.0/plugins/com.st.stm32cube.ide.mcu.externaltools.gnu-tools-for-stm32.12.3.rel1.linux64_1.1.0.202410170702/tools/bin/../lib/gcc/arm-none-eabi/12.3.1/../../../../arm-none-eabi/lib/thumb/v7e-m+fp/hard/libc_nano.a(libc_a-mallocr.o)
 .debug_frame   0x000057e0       0x30 /opt/st/stm32cubeide_1.17.0/plugins/com.st.stm32cube.ide.mcu.externaltools.gnu-tools-for-stm32.12.3.rel1.linux64_1.1.0.202410170702/tools/bin/../lib/gcc/arm-none-eabi/12.3.1/../../../../arm-none-eabi/lib/thumb/v7e-m+fp/hard/libc_nano.a(libc_a-mlock.o)

.debug_line_str
                0x00000000       0x6a
 .debug_line_str
                0x00000000       0x6a ./Core/Startup/startup_stm32h745zitx.o
